Archive member included to satisfy reference by file (symbol)

/usr/lib/gcc/arm-none-eabi/14.2.1/thumb/v7-m/nofp/libgcc.a(_arm_muldf3.o)
                              CMakeFiles/HAL062_drive.dir/Modules/pid/pid.c.obj (__aeabi_dmul)
/usr/lib/gcc/arm-none-eabi/14.2.1/thumb/v7-m/nofp/libgcc.a(_arm_mulsf3.o)
                              CMakeFiles/HAL062_drive.dir/Modules/pid/pid.c.obj (__aeabi_fmul)
/usr/lib/gcc/arm-none-eabi/14.2.1/thumb/v7-m/nofp/libgcc.a(_arm_addsubdf3.o)
                              CMakeFiles/HAL062_drive.dir/Modules/pid/pid.c.obj (__aeabi_dadd)
/usr/lib/gcc/arm-none-eabi/14.2.1/thumb/v7-m/nofp/libgcc.a(_arm_truncdfsf2.o)
                              CMakeFiles/HAL062_drive.dir/Modules/pid/pid.c.obj (__aeabi_d2f)
/usr/lib/gcc/arm-none-eabi/14.2.1/thumb/v7-m/nofp/libgcc.a(_arm_addsubsf3.o)
                              CMakeFiles/HAL062_drive.dir/Modules/pid/pid.c.obj (__aeabi_fsub)
/usr/lib/gcc/arm-none-eabi/14.2.1/thumb/v7-m/nofp/libgcc.a(_arm_cmpsf2.o)
                              CMakeFiles/HAL062_drive.dir/Modules/pid/pid.c.obj (__aeabi_fcmplt)
/usr/lib/gcc/arm-none-eabi/14.2.1/../../../arm-none-eabi/lib/thumb/v7-m/nofp/libg_nano.a(libc_a-errno.o)
                              CMakeFiles/HAL062_drive.dir/Core/Src/sysmem.c.obj (__errno)
/usr/lib/gcc/arm-none-eabi/14.2.1/../../../arm-none-eabi/lib/thumb/v7-m/nofp/libg_nano.a(libc_a-init.o)
                              /usr/lib/gcc/arm-none-eabi/14.2.1/../../../arm-none-eabi/lib/thumb/v7-m/nofp/crt0.o (__libc_init_array)
/usr/lib/gcc/arm-none-eabi/14.2.1/../../../arm-none-eabi/lib/thumb/v7-m/nofp/libg_nano.a(libc_a-memset.o)
                              /usr/lib/gcc/arm-none-eabi/14.2.1/../../../arm-none-eabi/lib/thumb/v7-m/nofp/crt0.o (memset)
/usr/lib/gcc/arm-none-eabi/14.2.1/../../../arm-none-eabi/lib/thumb/v7-m/nofp/libg_nano.a(libc_a-impure.o)
                              /usr/lib/gcc/arm-none-eabi/14.2.1/../../../arm-none-eabi/lib/thumb/v7-m/nofp/libg_nano.a(libc_a-errno.o) (_impure_ptr)
/usr/lib/gcc/arm-none-eabi/14.2.1/../../../arm-none-eabi/lib/thumb/v7-m/nofp/libg_nano.a(libc_a-exit.o)
                              /usr/lib/gcc/arm-none-eabi/14.2.1/../../../arm-none-eabi/lib/thumb/v7-m/nofp/crt0.o (exit)
/usr/lib/gcc/arm-none-eabi/14.2.1/../../../arm-none-eabi/lib/thumb/v7-m/nofp/libg_nano.a(libc_a-atexit.o)
                              /usr/lib/gcc/arm-none-eabi/14.2.1/../../../arm-none-eabi/lib/thumb/v7-m/nofp/crt0.o (atexit)
/usr/lib/gcc/arm-none-eabi/14.2.1/../../../arm-none-eabi/lib/thumb/v7-m/nofp/libg_nano.a(libc_a-fini.o)
                              /usr/lib/gcc/arm-none-eabi/14.2.1/../../../arm-none-eabi/lib/thumb/v7-m/nofp/crt0.o (__libc_fini_array)
/usr/lib/gcc/arm-none-eabi/14.2.1/../../../arm-none-eabi/lib/thumb/v7-m/nofp/libg_nano.a(libc_a-findfp.o)
                              /usr/lib/gcc/arm-none-eabi/14.2.1/../../../arm-none-eabi/lib/thumb/v7-m/nofp/libg_nano.a(libc_a-exit.o) (__stdio_exit_handler)
/usr/lib/gcc/arm-none-eabi/14.2.1/../../../arm-none-eabi/lib/thumb/v7-m/nofp/libg_nano.a(libc_a-fflush.o)
                              /usr/lib/gcc/arm-none-eabi/14.2.1/../../../arm-none-eabi/lib/thumb/v7-m/nofp/libg_nano.a(libc_a-findfp.o) (_fflush_r)
/usr/lib/gcc/arm-none-eabi/14.2.1/../../../arm-none-eabi/lib/thumb/v7-m/nofp/libg_nano.a(libc_a-mallocr.o)
                              /usr/lib/gcc/arm-none-eabi/14.2.1/../../../arm-none-eabi/lib/thumb/v7-m/nofp/libg_nano.a(libc_a-findfp.o) (_malloc_r)
/usr/lib/gcc/arm-none-eabi/14.2.1/../../../arm-none-eabi/lib/thumb/v7-m/nofp/libg_nano.a(libc_a-freer.o)
                              /usr/lib/gcc/arm-none-eabi/14.2.1/../../../arm-none-eabi/lib/thumb/v7-m/nofp/libg_nano.a(libc_a-fflush.o) (_free_r)
/usr/lib/gcc/arm-none-eabi/14.2.1/../../../arm-none-eabi/lib/thumb/v7-m/nofp/libg_nano.a(libc_a-fwalk.o)
                              /usr/lib/gcc/arm-none-eabi/14.2.1/../../../arm-none-eabi/lib/thumb/v7-m/nofp/libg_nano.a(libc_a-findfp.o) (_fwalk_sglue)
/usr/lib/gcc/arm-none-eabi/14.2.1/../../../arm-none-eabi/lib/thumb/v7-m/nofp/libg_nano.a(libc_a-__atexit.o)
                              /usr/lib/gcc/arm-none-eabi/14.2.1/../../../arm-none-eabi/lib/thumb/v7-m/nofp/libg_nano.a(libc_a-atexit.o) (__register_exitproc)
/usr/lib/gcc/arm-none-eabi/14.2.1/../../../arm-none-eabi/lib/thumb/v7-m/nofp/libg_nano.a(libc_a-mlock.o)
                              /usr/lib/gcc/arm-none-eabi/14.2.1/../../../arm-none-eabi/lib/thumb/v7-m/nofp/libg_nano.a(libc_a-mallocr.o) (__malloc_lock)
/usr/lib/gcc/arm-none-eabi/14.2.1/../../../arm-none-eabi/lib/thumb/v7-m/nofp/libg_nano.a(libc_a-sbrkr.o)
                              /usr/lib/gcc/arm-none-eabi/14.2.1/../../../arm-none-eabi/lib/thumb/v7-m/nofp/libg_nano.a(libc_a-mallocr.o) (_sbrk_r)
/usr/lib/gcc/arm-none-eabi/14.2.1/../../../arm-none-eabi/lib/thumb/v7-m/nofp/libg_nano.a(libc_a-stdio.o)
[...]
Memory Configuration

Name             Origin             Length             Attributes
RAM              0x20000000         0x00005000         xrw
FLASH            0x08000000         0x00020000         xr
*default*        0x00000000         0xffffffff

Linker script and memory map

LOAD /usr/lib/gcc/arm-none-eabi/14.2.1/thumb/v7-m/nofp/crti.o
LOAD /usr/lib/gcc/arm-none-eabi/14.2.1/thumb/v7-m/nofp/crtbegin.o
LOAD /usr/lib/gcc/arm-none-eabi/14.2.1/../../../arm-none-eabi/lib/thumb/v7-m/nofp/crt0.o
LOAD cmake/stm32cubemx/CMakeFiles/STM32_Drivers.dir/__/__/Core/Src/system_stm32f1xx.c.obj
LOAD cmake/stm32cubemx/CMakeFiles/STM32_Drivers.dir/__/__/Drivers/STM32F1xx_HAL_Driver/Src/stm32f1xx_hal_gpio_ex.c.obj
LOAD cmake/stm32cubemx/CMakeFiles/STM32_Drivers.dir/__/__/Drivers/STM32F1xx_HAL_Driver/Src/stm32f1xx_hal_can.c.obj
LOAD cmake/stm32cubemx/CMakeFiles/STM32_Drivers.dir/__/__/Drivers/STM32F1xx_HAL_Driver/Src/stm32f1xx_hal.c.obj
LOAD cmake/stm32cubemx/CMakeFiles/STM32_Drivers.dir/__/__/Drivers/STM32F1xx_HAL_Driver/Src/stm32f1xx_hal_rcc.c.obj
LOAD cmake/stm32cubemx/CMakeFiles/STM32_Drivers.dir/__/__/Drivers/STM32F1xx_HAL_Driver/Src/stm32f1xx_hal_rcc_ex.c.obj
LOAD cmake/stm32cubemx/CMakeFiles/STM32_Drivers.dir/__/__/Drivers/STM32F1xx_HAL_Driver/Src/stm32f1xx_hal_gpio.c.obj
LOAD cmake/stm32cubemx/CMakeFiles/STM32_Drivers.dir/__/__/Drivers/STM32F1xx_HAL_Driver/Src/stm32f1xx_hal_dma.c.obj
LOAD cmake/stm32cubemx/CMakeFiles/STM32_Drivers.dir/__/__/Drivers/STM32F1xx_HAL_Driver/Src/stm32f1xx_hal_cortex.c.obj
LOAD cmake/stm32cubemx/CMakeFiles/STM32_Drivers.dir/__/__/Drivers/STM32F1xx_HAL_Driver/Src/stm32f1xx_hal_pwr.c.obj
LOAD cmake/stm32cubemx/CMakeFiles/STM32_Drivers.dir/__/__/Drivers/STM32F1xx_HAL_Driver/Src/stm32f1xx_hal_flash.c.obj
LOAD cmake/stm32cubemx/CMakeFiles/STM32_Drivers.dir/__/__/Drivers/STM32F1xx_HAL_Driver/Src/stm32f1xx_hal_flash_ex.c.obj
LOAD cmake/stm32cubemx/CMakeFiles/STM32_Drivers.dir/__/__/Drivers/STM32F1xx_HAL_Driver/Src/stm32f1xx_hal_exti.c.obj
LOAD cmake/stm32cubemx/CMakeFiles/STM32_Drivers.dir/__/__/Drivers/STM32F1xx_HAL_Driver/Src/stm32f1xx_hal_tim.c.obj
LOAD cmake/stm32cubemx/CMakeFiles/STM32_Drivers.dir/__/__/Drivers/STM32F1xx_HAL_Driver/Src/stm32f1xx_hal_tim_ex.c.obj
LOAD cmake/stm32cubemx/CMakeFiles/STM32_Drivers.dir/__/__/Drivers/STM32F1xx_HAL_Driver/Src/stm32f1xx_hal_uart.c.obj
LOAD CMakeFiles/HAL062_drive.dir/Core/Src/main.c.obj
LOAD CMakeFiles/HAL062_drive.dir/Core/Src/gpio.c.obj
LOAD CMakeFiles/HAL062_drive.dir/Core/Src/can.c.obj
LOAD CMakeFiles/HAL062_drive.dir/Core/Src/tim.c.obj
LOAD CMakeFiles/HAL062_drive.dir/Core/Src/usart.c.obj
LOAD CMakeFiles/HAL062_drive.dir/Core/Src/stm32f1xx_it.c.obj
LOAD CMakeFiles/HAL062_drive.dir/Core/Src/stm32f1xx_hal_msp.c.obj
LOAD CMakeFiles/HAL062_drive.dir/Core/Src/sysmem.c.obj
LOAD CMakeFiles/HAL062_drive.dir/Core/Src/syscalls.c.obj
LOAD CMakeFiles/HAL062_drive.dir/startup_stm32f103xb.s.obj
LOAD CMakeFiles/HAL062_drive.dir/Modules/pid/pid.c.obj
LOAD /usr/lib/gcc/arm-none-eabi/14.2.1/../../../arm-none-eabi/lib/thumb/v7-m/nofp/libm.a
START GROUP
LOAD /usr/lib/gcc/arm-none-eabi/14.2.1/thumb/v7-m/nofp/libgcc.a
LOAD /usr/lib/gcc/arm-none-eabi/14.2.1/../../../arm-none-eabi/lib/thumb/v7-m/nofp/libg_nano.a
LOAD /usr/lib/gcc/arm-none-eabi/14.2.1/../../../arm-none-eabi/lib/thumb/v7-m/nofp/libc_nano.a
END GROUP
START GROUP
LOAD /usr/lib/gcc/arm-none-eabi/14.2.1/thumb/v7-m/nofp/libgcc.a
LOAD /usr/lib/gcc/arm-none-eabi/14.2.1/../../../arm-none-eabi/lib/thumb/v7-m/nofp/libc_nano.a
END GROUP
LOAD /usr/lib/gcc/arm-none-eabi/14.2.1/thumb/v7-m/nofp/crtend.o
LOAD /usr/lib/gcc/arm-none-eabi/14.2.1/thumb/v7-m/nofp/crtn.o
                0x20005000                        _estack = (ORIGIN (RAM) + LENGTH (RAM))
                0x00000200                        _Min_Heap_Size = 0x200
                0x00000400                        _Min_Stack_Size = 0x400

.isr_vector     0x08000000      0x10c
                0x08000000                        . = ALIGN (0x4)
 *(.isr_vector)
 .isr_vector    0x08000000      0x10c CMakeFiles/HAL062_drive.dir/startup_stm32f103xb.s.obj
                0x08000000                g_pfnVectors
                0x0800010c                        . = ALIGN (0x4)

.text           0x0800010c     0x35e4
                0x0800010c                        . = ALIGN (0x4)
 *(.text)
 .text          0x0800010c       0x88 /usr/lib/gcc/arm-none-eabi/14.2.1/thumb/v7-m/nofp/crtbegin.o
 .text          0x08000194       0x50 /usr/lib/gcc/arm-none-eabi/14.2.1/../../../arm-none-eabi/lib/thumb/v7-m/nofp/libg_nano.a(libc_a-init.o)
                0x08000194                __libc_init_array
 .text          0x080001e4       0xa0 /usr/lib/gcc/arm-none-eabi/14.2.1/../../../arm-none-eabi/lib/thumb/v7-m/nofp/libg_nano.a(libc_a-memset.o)
                0x080001e4                memset
 *(.text*)
 .text.SystemInit
                0x08000284        0xc cmake/stm32cubemx/CMakeFiles/STM32_Drivers.dir/__/__/Core/Src/system_stm32f1xx.c.obj
                0x08000284                SystemInit
 .text.HAL_CAN_Init
                0x08000290      0x1f6 cmake/stm32cubemx/CMakeFiles/STM32_Drivers.dir/__/__/Drivers/STM32F1xx_HAL_Driver/Src/stm32f1xx_hal_can.c.obj
                0x08000290                HAL_CAN_Init
 .text.HAL_CAN_ConfigFilter
                0x08000486      0x192 cmake/stm32cubemx/CMakeFiles/STM32_Drivers.dir/__/__/Drivers/STM32F1xx_HAL_Driver/Src/stm32f1xx_hal_can.c.obj
                0x08000486                HAL_CAN_ConfigFilter
 .text.HAL_CAN_Start
                0x08000618       0x88 cmake/stm32cubemx/CMakeFiles/STM32_Drivers.dir/__/__/Drivers/STM32F1xx_HAL_Driver/Src/stm32f1xx_hal_can.c.obj
                0x08000618                HAL_CAN_Start
 .text.HAL_CAN_GetRxMessage
                0x080006a0      0x242 cmake/stm32cubemx/CMakeFiles/STM32_Drivers.dir/__/__/Drivers/STM32F1xx_HAL_Driver/Src/stm32f1xx_hal_can.c.obj
                0x080006a0                HAL_CAN_GetRxMessage
 .text.HAL_CAN_ActivateNotification
                0x080008e2       0x4a cmake/stm32cubemx/CMakeFiles/STM32_Drivers.dir/__/__/Drivers/STM32F1xx_HAL_Driver/Src/stm32f1xx_hal_can.c.obj
                0x080008e2                HAL_CAN_ActivateNotification
 .text.HAL_CAN_IRQHandler
                0x0800092c      0x36e cmake/stm32cubemx/CMakeFiles/STM32_Drivers.dir/__/__/Drivers/STM32F1xx_HAL_Driver/Src/stm32f1xx_hal_can.c.obj
                0x0800092c                HAL_CAN_IRQHandler
 .text.HAL_CAN_TxMailbox0CompleteCallback
                0x08000c9a       0x12 cmake/stm32cubemx/CMakeFiles/STM32_Drivers.dir/__/__/Drivers/STM32F1xx_HAL_Driver/Src/stm32f1xx_hal_can.c.obj
                0x08000c9a                HAL_CAN_TxMailbox0CompleteCallback
 .text.HAL_CAN_TxMailbox1CompleteCallback
                0x08000cac       0x12 cmake/stm32cubemx/CMakeFiles/STM32_Drivers.dir/__/__/Drivers/STM32F1xx_HAL_Driver/Src/stm32f1xx_hal_can.c.obj
                0x08000cac                HAL_CAN_TxMailbox1CompleteCallback
 .text.HAL_CAN_TxMailbox2CompleteCallback
                0x08000cbe       0x12 cmake/stm32cubemx/CMakeFiles/STM32_Drivers.dir/__/__/Drivers/STM32F1xx_HAL_Driver/Src/stm32f1xx_hal_can.c.obj
                0x08000cbe                HAL_CAN_TxMailbox2CompleteCallback
 .text.HAL_CAN_TxMailbox0AbortCallback
                0x08000cd0       0x12 cmake/stm32cubemx/CMakeFiles/STM32_Drivers.dir/__/__/Drivers/STM32F1xx_HAL_Driver/Src/stm32f1xx_hal_can.c.obj
                0x08000cd0                HAL_CAN_TxMailbox0AbortCallback
 .text.HAL_CAN_TxMailbox1AbortCallback
                0x08000ce2       0x12 cmake/stm32cubemx/CMakeFiles/STM32_Drivers.dir/__/__/Drivers/STM32F1xx_HAL_Driver/Src/stm32f1xx_hal_can.c.obj
                0x08000ce2                HAL_CAN_TxMailbox1AbortCallback
 .text.HAL_CAN_TxMailbox2AbortCallback
                0x08000cf4       0x12 cmake/stm32cubemx/CMakeFiles/STM32_Drivers.dir/__/__/Drivers/STM32F1xx_HAL_Driver/Src/stm32f1xx_hal_can.c.obj
                0x08000cf4                HAL_CAN_TxMailbox2AbortCallback
 .text.HAL_CAN_RxFifo0MsgPendingCallback
                0x08000d06       0x12 cmake/stm32cubemx/CMakeFiles/STM32_Drivers.dir/__/__/Drivers/STM32F1xx_HAL_Driver/Src/stm32f1xx_hal_can.c.obj
                0x08000d06                HAL_CAN_RxFifo0MsgPendingCallback
 .text.HAL_CAN_RxFifo0FullCallback
                0x08000d18       0x12 cmake/stm32cubemx/CMakeFiles/STM32_Drivers.dir/__/__/Drivers/STM32F1xx_HAL_Driver/Src/stm32f1xx_hal_can.c.obj
                0x08000d18                HAL_CAN_RxFifo0FullCallback
 .text.HAL_CAN_RxFifo1FullCallback
                0x08000d2a       0x12 cmake/stm32cubemx/CMakeFiles/STM32_Drivers.dir/__/__/Drivers/STM32F1xx_HAL_Driver/Src/stm32f1xx_hal_can.c.obj
                0x08000d2a                HAL_CAN_RxFifo1FullCallback
 .text.HAL_CAN_SleepCallback
                0x08000d3c       0x12 cmake/stm32cubemx/CMakeFiles/STM32_Drivers.dir/__/__/Drivers/STM32F1xx_HAL_Driver/Src/stm32f1xx_hal_can.c.obj
                0x08000d3c                HAL_CAN_SleepCallback
 .text.HAL_CAN_WakeUpFromRxMsgCallback
                0x08000d4e       0x12 cmake/stm32cubemx/CMakeFiles/STM32_Drivers.dir/__/__/Drivers/STM32F1xx_HAL_Driver/Src/stm32f1xx_hal_can.c.obj
                0x08000d4e                HAL_CAN_WakeUpFromRxMsgCallback
 .text.HAL_CAN_ErrorCallback
                0x08000d60       0x12 cmake/stm32cubemx/CMakeFiles/STM32_Drivers.dir/__/__/Drivers/STM32F1xx_HAL_Driver/Src/stm32f1xx_hal_can.c.obj
                0x08000d60                HAL_CAN_ErrorCallback
 *fill*         0x08000d72        0x2 
 .text.HAL_Init
                0x08000d74       0x2c cmake/stm32cubemx/CMakeFiles/STM32_Drivers.dir/__/__/Drivers/STM32F1xx_HAL_Driver/Src/stm32f1xx_hal.c.obj
                0x08000d74                HAL_Init
 .text.HAL_InitTick
                0x08000da0       0x60 cmake/stm32cubemx/CMakeFiles/STM32_Drivers.dir/__/__/Drivers/STM32F1xx_HAL_Driver/Src/stm32f1xx_hal.c.obj
                0x08000da0                HAL_InitTick
 .text.HAL_IncTick
                0x08000e00       0x24 cmake/stm32cubemx/CMakeFiles/STM32_Drivers.dir/__/__/Drivers/STM32F1xx_HAL_Driver/Src/stm32f1xx_hal.c.obj
                0x08000e00                HAL_IncTick
 .text.HAL_GetTick
                0x08000e24       0x14 cmake/stm32cubemx/CMakeFiles/STM32_Drivers.dir/__/__/Drivers/STM32F1xx_HAL_Driver/Src/stm32f1xx_hal.c.obj
                0x08000e24                HAL_GetTick
 .text.HAL_RCC_OscConfig
                0x08000e38      0x504 cmake/stm32cubemx/CMakeFiles/STM32_Drivers.dir/__/__/Drivers/STM32F1xx_HAL_Driver/Src/stm32f1xx_hal_rcc.c.obj
                0x08000e38                HAL_RCC_OscConfig
 .text.HAL_RCC_ClockConfig
                0x0800133c      0x1d4 cmake/stm32cubemx/CMakeFiles/STM32_Drivers.dir/__/__/Drivers/STM32F1xx_HAL_Driver/Src/stm32f1xx_hal_rcc.c.obj
                0x0800133c                HAL_RCC_ClockConfig
 .text.HAL_RCC_GetSysClockFreq
                0x08001510       0xa8 cmake/stm32cubemx/CMakeFiles/STM32_Drivers.dir/__/__/Drivers/STM32F1xx_HAL_Driver/Src/stm32f1xx_hal_rcc.c.obj
                0x08001510                HAL_RCC_GetSysClockFreq
 .text.HAL_RCC_GetHCLKFreq
                0x080015b8       0x14 cmake/stm32cubemx/CMakeFiles/STM32_Drivers.dir/__/__/Drivers/STM32F1xx_HAL_Driver/Src/stm32f1xx_hal_rcc.c.obj
                0x080015b8                HAL_RCC_GetHCLKFreq
 .text.HAL_RCC_GetPCLK1Freq
                0x080015cc       0x28 cmake/stm32cubemx/CMakeFiles/STM32_Drivers.dir/__/__/Drivers/STM32F1xx_HAL_Driver/Src/stm32f1xx_hal_rcc.c.obj
                0x080015cc                HAL_RCC_GetPCLK1Freq
 .text.HAL_RCC_GetPCLK2Freq
                0x080015f4       0x28 cmake/stm32cubemx/CMakeFiles/STM32_Drivers.dir/__/__/Drivers/STM32F1xx_HAL_Driver/Src/stm32f1xx_hal_rcc.c.obj
                0x080015f4                HAL_RCC_GetPCLK2Freq
 .text.RCC_Delay
                0x0800161c       0x3c cmake/stm32cubemx/CMakeFiles/STM32_Drivers.dir/__/__/Drivers/STM32F1xx_HAL_Driver/Src/stm32f1xx_hal_rcc.c.obj
 .text.HAL_GPIO_Init
                0x08001658      0x308 cmake/stm32cubemx/CMakeFiles/STM32_Drivers.dir/__/__/Drivers/STM32F1xx_HAL_Driver/Src/stm32f1xx_hal_gpio.c.obj
                0x08001658                HAL_GPIO_Init
 .text.HAL_GPIO_WritePin
                0x08001960       0x30 cmake/stm32cubemx/CMakeFiles/STM32_Drivers.dir/__/__/Drivers/STM32F1xx_HAL_Driver/Src/stm32f1xx_hal_gpio.c.obj
                0x08001960                HAL_GPIO_WritePin
 .text.HAL_DMA_Abort
                0x08001990       0x76 cmake/stm32cubemx/CMakeFiles/STM32_Drivers.dir/__/__/Drivers/STM32F1xx_HAL_Driver/Src/stm32f1xx_hal_dma.c.obj
                0x08001990                HAL_DMA_Abort
 *fill*         0x08001a06        0x2 
 .text.HAL_DMA_Abort_IT
                0x08001a08       0xf0 cmake/stm32cubemx/CMakeFiles/STM32_Drivers.dir/__/__/Drivers/STM32F1xx_HAL_Driver/Src/stm32f1xx_hal_dma.c.obj
                0x08001a08                HAL_DMA_Abort_IT
 .text.__NVIC_SetPriorityGrouping
                0x08001af8       0x48 cmake/stm32cubemx/CMakeFiles/STM32_Drivers.dir/__/__/Drivers/STM32F1xx_HAL_Driver/Src/stm32f1xx_hal_cortex.c.obj
 .text.__NVIC_GetPriorityGrouping
                0x08001b40       0x1c cmake/stm32cubemx/CMakeFiles/STM32_Drivers.dir/__/__/Drivers/STM32F1xx_HAL_Driver/Src/stm32f1xx_hal_cortex.c.obj
 .text.__NVIC_EnableIRQ
                0x08001b5c       0x38 cmake/stm32cubemx/CMakeFiles/STM32_Drivers.dir/__/__/Drivers/STM32F1xx_HAL_Driver/Src/stm32f1xx_hal_cortex.c.obj
 .text.__NVIC_SetPriority
                0x08001b94       0x54 cmake/stm32cubemx/CMakeFiles/STM32_Drivers.dir/__/__/Drivers/STM32F1xx_HAL_Driver/Src/stm32f1xx_hal_cortex.c.obj
 .text.NVIC_EncodePriority
                0x08001be8       0x64 cmake/stm32cubemx/CMakeFiles/STM32_Drivers.dir/__/__/Drivers/STM32F1xx_HAL_Driver/Src/stm32f1xx_hal_cortex.c.obj
 .text.SysTick_Config
                0x08001c4c       0x44 cmake/stm32cubemx/CMakeFiles/STM32_Drivers.dir/__/__/Drivers/STM32F1xx_HAL_Driver/Src/stm32f1xx_hal_cortex.c.obj
 .text.HAL_NVIC_SetPriorityGrouping
                0x08001c90       0x16 cmake/stm32cubemx/CMakeFiles/STM32_Drivers.dir/__/__/Drivers/STM32F1xx_HAL_Driver/Src/stm32f1xx_hal_cortex.c.obj
                0x08001c90                HAL_NVIC_SetPriorityGrouping
 .text.HAL_NVIC_SetPriority
                0x08001ca6       0x38 cmake/stm32cubemx/CMakeFiles/STM32_Drivers.dir/__/__/Drivers/STM32F1xx_HAL_Driver/Src/stm32f1xx_hal_cortex.c.obj
                0x08001ca6                HAL_NVIC_SetPriority
 .text.HAL_NVIC_EnableIRQ
                0x08001cde       0x1c cmake/stm32cubemx/CMakeFiles/STM32_Drivers.dir/__/__/Drivers/STM32F1xx_HAL_Driver/Src/stm32f1xx_hal_cortex.c.obj
                0x08001cde                HAL_NVIC_EnableIRQ
 .text.HAL_SYSTICK_Config
                0x08001cfa       0x18 cmake/stm32cubemx/CMakeFiles/STM32_Drivers.dir/__/__/Drivers/STM32F1xx_HAL_Driver/Src/stm32f1xx_hal_cortex.c.obj
                0x08001cfa                HAL_SYSTICK_Config
 .text.HAL_TIM_Base_Init
                0x08001d12       0x9e cmake/stm32cubemx/CMakeFiles/STM32_Drivers.dir/__/__/Drivers/STM32F1xx_HAL_Driver/Src/stm32f1xx_hal_tim.c.obj
                0x08001d12                HAL_TIM_Base_Init
 .text.HAL_TIM_IRQHandler
                0x08001db0      0x1e0 cmake/stm32cubemx/CMakeFiles/STM32_Drivers.dir/__/__/Drivers/STM32F1xx_HAL_Driver/Src/stm32f1xx_hal_tim.c.obj
                0x08001db0                HAL_TIM_IRQHandler
 .text.HAL_TIM_ConfigClockSource
                0x08001f90      0x18e cmake/stm32cubemx/CMakeFiles/STM32_Drivers.dir/__/__/Drivers/STM32F1xx_HAL_Driver/Src/stm32f1xx_hal_tim.c.obj
                0x08001f90                HAL_TIM_ConfigClockSource
 .text.HAL_TIM_PeriodElapsedCallback
                0x0800211e       0x12 cmake/stm32cubemx/CMakeFiles/STM32_Drivers.dir/__/__/Drivers/STM32F1xx_HAL_Driver/Src/stm32f1xx_hal_tim.c.obj
                0x0800211e                HAL_TIM_PeriodElapsedCallback
 .text.HAL_TIM_OC_DelayElapsedCallback
                0x08002130       0x12 cmake/stm32cubemx/CMakeFiles/STM32_Drivers.dir/__/__/Drivers/STM32F1xx_HAL_Driver/Src/stm32f1xx_hal_tim.c.obj
                0x08002130                HAL_TIM_OC_DelayElapsedCallback
 .text.HAL_TIM_IC_CaptureCallback
                0x08002142       0x12 cmake/stm32cubemx/CMakeFiles/STM32_Drivers.dir/__/__/Drivers/STM32F1xx_HAL_Driver/Src/stm32f1xx_hal_tim.c.obj
                0x08002142                HAL_TIM_IC_CaptureCallback
 .text.HAL_TIM_PWM_PulseFinishedCallback
                0x08002154       0x12 cmake/stm32cubemx/CMakeFiles/STM32_Drivers.dir/__/__/Drivers/STM32F1xx_HAL_Driver/Src/stm32f1xx_hal_tim.c.obj
                0x08002154                HAL_TIM_PWM_PulseFinishedCallback
 .text.HAL_TIM_TriggerCallback
                0x08002166       0x12 cmake/stm32cubemx/CMakeFiles/STM32_Drivers.dir/__/__/Drivers/STM32F1xx_HAL_Driver/Src/stm32f1xx_hal_tim.c.obj
                0x08002166                HAL_TIM_TriggerCallback
 .text.TIM_Base_SetConfig
                0x08002178       0xdc cmake/stm32cubemx/CMakeFiles/STM32_Drivers.dir/__/__/Drivers/STM32F1xx_HAL_Driver/Src/stm32f1xx_hal_tim.c.obj
                0x08002178                TIM_Base_SetConfig
 .text.TIM_TI1_ConfigInputStage
                0x08002254       0x5c cmake/stm32cubemx/CMakeFiles/STM32_Drivers.dir/__/__/Drivers/STM32F1xx_HAL_Driver/Src/stm32f1xx_hal_tim.c.obj
 .text.TIM_TI2_ConfigInputStage
                0x080022b0       0x5e cmake/stm32cubemx/CMakeFiles/STM32_Drivers.dir/__/__/Drivers/STM32F1xx_HAL_Driver/Src/stm32f1xx_hal_tim.c.obj
 .text.TIM_ITRx_SetConfig
                0x0800230e       0x34 cmake/stm32cubemx/CMakeFiles/STM32_Drivers.dir/__/__/Drivers/STM32F1xx_HAL_Driver/Src/stm32f1xx_hal_tim.c.obj
 .text.TIM_ETR_SetConfig
                0x08002342       0x3e cmake/stm32cubemx/CMakeFiles/STM32_Drivers.dir/__/__/Drivers/STM32F1xx_HAL_Driver/Src/stm32f1xx_hal_tim.c.obj
                0x08002342                TIM_ETR_SetConfig
 .text.HAL_TIMEx_MasterConfigSynchronization
                0x08002380       0xbc cmake/stm32cubemx/CMakeFiles/STM32_Drivers.dir/__/__/Drivers/STM32F1xx_HAL_Driver/Src/stm32f1xx_hal_tim_ex.c.obj
                0x08002380                HAL_TIMEx_MasterConfigSynchronization
 .text.HAL_TIMEx_CommutCallback
                0x0800243c       0x12 cmake/stm32cubemx/CMakeFiles/STM32_Drivers.dir/__/__/Drivers/STM32F1xx_HAL_Driver/Src/stm32f1xx_hal_tim_ex.c.obj
                0x0800243c                HAL_TIMEx_CommutCallback
 .text.HAL_TIMEx_BreakCallback
                0x0800244e       0x12 cmake/stm32cubemx/CMakeFiles/STM32_Drivers.dir/__/__/Drivers/STM32F1xx_HAL_Driver/Src/stm32f1xx_hal_tim_ex.c.obj
                0x0800244e                HAL_TIMEx_BreakCallback
 .text.HAL_UART_Init
                0x08002460       0xa0 cmake/stm32cubemx/CMakeFiles/STM32_Drivers.dir/__/__/Drivers/STM32F1xx_HAL_Driver/Src/stm32f1xx_hal_uart.c.obj
                0x08002460                HAL_UART_Init
 .text.HAL_UART_IRQHandler
                0x08002500      0x524 cmake/stm32cubemx/CMakeFiles/STM32_Drivers.dir/__/__/Drivers/STM32F1xx_HAL_Driver/Src/stm32f1xx_hal_uart.c.obj
                0x08002500                HAL_UART_IRQHandler
 .text.HAL_UART_TxCpltCallback
                0x08002a24       0x12 cmake/stm32cubemx/CMakeFiles/STM32_Drivers.dir/__/__/Drivers/STM32F1xx_HAL_Driver/Src/stm32f1xx_hal_uart.c.obj
                0x08002a24                HAL_UART_TxCpltCallback
 .text.HAL_UART_RxCpltCallback
                0x08002a36       0x12 cmake/stm32cubemx/CMakeFiles/STM32_Drivers.dir/__/__/Drivers/STM32F1xx_HAL_Driver/Src/stm32f1xx_hal_uart.c.obj
                0x08002a36                HAL_UART_RxCpltCallback
 .text.HAL_UART_ErrorCallback
                0x08002a48       0x12 cmake/stm32cubemx/CMakeFiles/STM32_Drivers.dir/__/__/Drivers/STM32F1xx_HAL_Driver/Src/stm32f1xx_hal_uart.c.obj
                0x08002a48                HAL_UART_ErrorCallback
 .text.HAL_UARTEx_RxEventCallback
                0x08002a5a       0x16 cmake/stm32cubemx/CMakeFiles/STM32_Drivers.dir/__/__/Drivers/STM32F1xx_HAL_Driver/Src/stm32f1xx_hal_uart.c.obj
                0x08002a5a                HAL_UARTEx_RxEventCallback
 .text.UART_EndRxTransfer
                0x08002a70       0xc4 cmake/stm32cubemx/CMakeFiles/STM32_Drivers.dir/__/__/Drivers/STM32F1xx_HAL_Driver/Src/stm32f1xx_hal_uart.c.obj
 .text.UART_DMAAbortOnError
                0x08002b34       0x28 cmake/stm32cubemx/CMakeFiles/STM32_Drivers.dir/__/__/Drivers/STM32F1xx_HAL_Driver/Src/stm32f1xx_hal_uart.c.obj
 .text.UART_Transmit_IT
                0x08002b5c       0x9e cmake/stm32cubemx/CMakeFiles/STM32_Drivers.dir/__/__/Drivers/STM32F1xx_HAL_Driver/Src/stm32f1xx_hal_uart.c.obj
 .text.UART_EndTransmit_IT
                0x08002bfa       0x30 cmake/stm32cubemx/CMakeFiles/STM32_Drivers.dir/__/__/Drivers/STM32F1xx_HAL_Driver/Src/stm32f1xx_hal_uart.c.obj
 .text.UART_Receive_IT
                0x08002c2a      0x17c cmake/stm32cubemx/CMakeFiles/STM32_Drivers.dir/__/__/Drivers/STM32F1xx_HAL_Driver/Src/stm32f1xx_hal_uart.c.obj
 *fill*         0x08002da6        0x2 
 .text.UART_SetConfig
                0x08002da8      0x11c cmake/stm32cubemx/CMakeFiles/STM32_Drivers.dir/__/__/Drivers/STM32F1xx_HAL_Driver/Src/stm32f1xx_hal_uart.c.obj
 .text.main     0x08002ec4       0x24 CMakeFiles/HAL062_drive.dir/Core/Src/main.c.obj
                0x08002ec4                main
 .text.SystemClock_Config
                0x08002ee8       0x8a CMakeFiles/HAL062_drive.dir/Core/Src/main.c.obj
                0x08002ee8                SystemClock_Config
 .text.Error_Handler
                0x08002f72        0xc CMakeFiles/HAL062_drive.dir/Core/Src/main.c.obj
                0x08002f72                Error_Handler
 *fill*         0x08002f7e        0x2 
 .text.MX_GPIO_Init
                0x08002f80      0x110 CMakeFiles/HAL062_drive.dir/Core/Src/gpio.c.obj
                0x08002f80                MX_GPIO_Init
 .text.CAN_init
                0x08003090       0x9c CMakeFiles/HAL062_drive.dir/Core/Src/can.c.obj
                0x08003090                CAN_init
 .text.MX_CAN_Init
                0x0800312c       0x70 CMakeFiles/HAL062_drive.dir/Core/Src/can.c.obj
                0x0800312c                MX_CAN_Init
 .text.HAL_CAN_MspInit
                0x0800319c       0xd8 CMakeFiles/HAL062_drive.dir/Core/Src/can.c.obj
                0x0800319c                HAL_CAN_MspInit
 .text.HAL_CAN_RxFifo1MsgPendingCallback
                0x08003274       0x3c CMakeFiles/HAL062_drive.dir/Core/Src/can.c.obj
                0x08003274                HAL_CAN_RxFifo1MsgPendingCallback
 .text.MX_TIM1_Init
                0x080032b0       0xa0 CMakeFiles/HAL062_drive.dir/Core/Src/tim.c.obj
                0x080032b0                MX_TIM1_Init
 .text.MX_TIM4_Init
                0x08003350       0x9c CMakeFiles/HAL062_drive.dir/Core/Src/tim.c.obj
                0x08003350                MX_TIM4_Init
 .text.HAL_TIM_Base_MspInit
                0x080033ec       0x74 CMakeFiles/HAL062_drive.dir/Core/Src/tim.c.obj
                0x080033ec                HAL_TIM_Base_MspInit
 .text.MX_USART2_UART_Init
                0x08003460       0x54 CMakeFiles/HAL062_drive.dir/Core/Src/usart.c.obj
                0x08003460                MX_USART2_UART_Init
 .text.HAL_UART_MspInit
                0x080034b4       0xa4 CMakeFiles/HAL062_drive.dir/Core/Src/usart.c.obj
                0x080034b4                HAL_UART_MspInit
 .text.NMI_Handler
                0x08003558        0x8 CMakeFiles/HAL062_drive.dir/Core/Src/stm32f1xx_it.c.obj
                0x08003558                NMI_Handler
 .text.HardFault_Handler
                0x08003560        0x8 CMakeFiles/HAL062_drive.dir/Core/Src/stm32f1xx_it.c.obj
                0x08003560                HardFault_Handler
 .text.MemManage_Handler
                0x08003568        0x8 CMakeFiles/HAL062_drive.dir/Core/Src/stm32f1xx_it.c.obj
                0x08003568                MemManage_Handler
 .text.BusFault_Handler
                0x08003570        0x8 CMakeFiles/HAL062_drive.dir/Core/Src/stm32f1xx_it.c.obj
                0x08003570                BusFault_Handler
 .text.UsageFault_Handler
                0x08003578        0x8 CMakeFiles/HAL062_drive.dir/Core/Src/stm32f1xx_it.c.obj
                0x08003578                UsageFault_Handler
 .text.SVC_Handler
                0x08003580        0xc CMakeFiles/HAL062_drive.dir/Core/Src/stm32f1xx_it.c.obj
                0x08003580                SVC_Handler
 .text.DebugMon_Handler
                0x0800358c        0xc CMakeFiles/HAL062_drive.dir/Core/Src/stm32f1xx_it.c.obj
                0x0800358c                DebugMon_Handler
 .text.PendSV_Handler
                0x08003598        0xc CMakeFiles/HAL062_drive.dir/Core/Src/stm32f1xx_it.c.obj
                0x08003598                PendSV_Handler
 .text.SysTick_Handler
                0x080035a4        0xc CMakeFiles/HAL062_drive.dir/Core/Src/stm32f1xx_it.c.obj
                0x080035a4                SysTick_Handler
 .text.USB_HP_CAN1_TX_IRQHandler
                0x080035b0       0x14 CMakeFiles/HAL062_drive.dir/Core/Src/stm32f1xx_it.c.obj
                0x080035b0                USB_HP_CAN1_TX_IRQHandler
 .text.USB_LP_CAN1_RX0_IRQHandler
                0x080035c4       0x14 CMakeFiles/HAL062_drive.dir/Core/Src/stm32f1xx_it.c.obj
                0x080035c4                USB_LP_CAN1_RX0_IRQHandler
 .text.CAN1_RX1_IRQHandler
                0x080035d8       0x14 CMakeFiles/HAL062_drive.dir/Core/Src/stm32f1xx_it.c.obj
                0x080035d8                CAN1_RX1_IRQHandler
 .text.CAN1_SCE_IRQHandler
                0x080035ec       0x14 CMakeFiles/HAL062_drive.dir/Core/Src/stm32f1xx_it.c.obj
                0x080035ec                CAN1_SCE_IRQHandler
 .text.TIM4_IRQHandler
                0x08003600       0x14 CMakeFiles/HAL062_drive.dir/Core/Src/stm32f1xx_it.c.obj
                0x08003600                TIM4_IRQHandler
 .text.USART2_IRQHandler
                0x08003614       0x14 CMakeFiles/HAL062_drive.dir/Core/Src/stm32f1xx_it.c.obj
                0x08003614                USART2_IRQHandler
 .text.HAL_MspInit
                0x08003628       0x64 CMakeFiles/HAL062_drive.dir/Core/Src/stm32f1xx_hal_msp.c.obj
                0x08003628                HAL_MspInit
 .text.Reset_Handler
                0x0800368c       0x48 CMakeFiles/HAL062_drive.dir/startup_stm32f103xb.s.obj
                0x0800368c                Reset_Handler
 .text.Default_Handler
                0x080036d4        0x2 CMakeFiles/HAL062_drive.dir/startup_stm32f103xb.s.obj
                0x080036d4                RTC_Alarm_IRQHandler
                0x080036d4                EXTI2_IRQHandler
                0x080036d4                TIM1_CC_IRQHandler
                0x080036d4                PVD_IRQHandler
                0x080036d4                EXTI3_IRQHandler
                0x080036d4                EXTI0_IRQHandler
                0x080036d4                I2C2_EV_IRQHandler
                0x080036d4                ADC1_2_IRQHandler
                0x080036d4                SPI1_IRQHandler
                0x080036d4                TAMPER_IRQHandler
                0x080036d4                DMA1_Channel4_IRQHandler
                0x080036d4                USART3_IRQHandler
                0x080036d4                RTC_IRQHandler
                0x080036d4                DMA1_Channel7_IRQHandler
                0x080036d4                I2C1_EV_IRQHandler
                0x080036d4                DMA1_Channel6_IRQHandler
                0x080036d4                TIM3_IRQHandler
                0x080036d4                RCC_IRQHandler
                0x080036d4                TIM1_TRG_COM_IRQHandler
                0x080036d4                DMA1_Channel1_IRQHandler
                0x080036d4                Default_Handler
                0x080036d4                EXTI15_10_IRQHandler
                0x080036d4                EXTI9_5_IRQHandler
                0x080036d4                SPI2_IRQHandler
                0x080036d4                DMA1_Channel5_IRQHandler
                0x080036d4                EXTI4_IRQHandler
                0x080036d4                DMA1_Channel3_IRQHandler
                0x080036d4                TIM1_UP_IRQHandler
                0x080036d4                WWDG_IRQHandler
                0x080036d4                TIM2_IRQHandler
                0x080036d4                TIM1_BRK_IRQHandler
                0x080036d4                EXTI1_IRQHandler
                0x080036d4                I2C2_ER_IRQHandler
                0x080036d4                DMA1_Channel2_IRQHandler
                0x080036d4                FLASH_IRQHandler
                0x080036d4                USART1_IRQHandler
                0x080036d4                I2C1_ER_IRQHandler
                0x080036d4                USBWakeUp_IRQHandler
 *(.glue_7)
 .glue_7        0x080036d6        0x0 linker stubs
 *(.glue_7t)
 .glue_7t       0x080036d6        0x0 linker stubs
 *(.eh_frame)
 *fill*         0x080036d6        0x2 
 .eh_frame      0x080036d8        0x0 /usr/lib/gcc/arm-none-eabi/14.2.1/thumb/v7-m/nofp/crtbegin.o
 *(.init)
 .init          0x080036d8        0x4 /usr/lib/gcc/arm-none-eabi/14.2.1/thumb/v7-m/nofp/crti.o
                0x080036d8                _init
 .init          0x080036dc        0x8 /usr/lib/gcc/arm-none-eabi/14.2.1/thumb/v7-m/nofp/crtn.o
 *(.fini)
 .fini          0x080036e4        0x4 /usr/lib/gcc/arm-none-eabi/14.2.1/thumb/v7-m/nofp/crti.o
                0x080036e4                _fini
 .fini          0x080036e8        0x8 /usr/lib/gcc/arm-none-eabi/14.2.1/thumb/v7-m/nofp/crtn.o
                0x080036f0                        . = ALIGN (0x4)
                0x080036f0                        _etext = .

.vfp11_veneer   0x080036f0        0x0
 .vfp11_veneer  0x080036f0        0x0 linker stubs

.v4_bx          0x080036f0        0x0
 .v4_bx         0x080036f0        0x0 linker stubs

.iplt           0x080036f0        0x0
 .iplt          0x080036f0        0x0 /usr/lib/gcc/arm-none-eabi/14.2.1/thumb/v7-m/nofp/crtbegin.o

.rodata         0x080036f0       0x2c
                0x080036f0                        . = ALIGN (0x4)
 *(.rodata)
 *(.rodata*)
 .rodata.AHBPrescTable
                0x080036f0       0x10 cmake/stm32cubemx/CMakeFiles/STM32_Drivers.dir/__/__/Core/Src/system_stm32f1xx.c.obj
                0x080036f0                AHBPrescTable
 .rodata.APBPrescTable
                0x08003700        0x8 cmake/stm32cubemx/CMakeFiles/STM32_Drivers.dir/__/__/Core/Src/system_stm32f1xx.c.obj
                0x08003700                APBPrescTable
 .rodata.aPLLMULFactorTable.1
                0x08003708       0x10 cmake/stm32cubemx/CMakeFiles/STM32_Drivers.dir/__/__/Drivers/STM32F1xx_HAL_Driver/Src/stm32f1xx_hal_rcc.c.obj
 .rodata.aPredivFactorTable.0
                0x08003718        0x2 cmake/stm32cubemx/CMakeFiles/STM32_Drivers.dir/__/__/Drivers/STM32F1xx_HAL_Driver/Src/stm32f1xx_hal_rcc.c.obj
                0x0800371c                        . = ALIGN (0x4)
 *fill*         0x0800371a        0x2 

.ARM.extab      0x0800371c        0x0
                0x0800371c                        . = ALIGN (0x4)
 *(.ARM.extab* .gnu.linkonce.armextab.*)
                0x0800371c                        . = ALIGN (0x4)

.ARM            0x0800371c        0x0
                0x0800371c                        . = ALIGN (0x4)
                0x0800371c                        __exidx_start = .
 *(.ARM.exidx*)
                0x0800371c                        __exidx_end = .
                0x0800371c                        . = ALIGN (0x4)

.preinit_array  0x0800371c        0x0
                0x0800371c                        . = ALIGN (0x4)
                0x0800371c                        PROVIDE (__preinit_array_start = .)
 *(.preinit_array*)
                0x0800371c                        PROVIDE (__preinit_array_end = .)
                0x0800371c                        . = ALIGN (0x4)

.init_array     0x0800371c        0x4
                0x0800371c                        . = ALIGN (0x4)
                0x0800371c                        PROVIDE (__init_array_start = .)
 *(SORT_BY_NAME(.init_array.*))
 *(.init_array*)
 .init_array    0x0800371c        0x4 /usr/lib/gcc/arm-none-eabi/14.2.1/thumb/v7-m/nofp/crtbegin.o
                0x08003720                        PROVIDE (__init_array_end = .)
                0x08003720                        . = ALIGN (0x4)

.fini_array     0x08003720        0x4
                0x08003720                        . = ALIGN (0x4)
                0x08003720                        PROVIDE (__fini_array_start = .)
 *(SORT_BY_NAME(.fini_array.*))
 *(.fini_array*)
 .fini_array    0x08003720        0x4 /usr/lib/gcc/arm-none-eabi/14.2.1/thumb/v7-m/nofp/crtbegin.o
                0x08003724                        PROVIDE (__fini_array_end = .)
                0x08003724                        . = ALIGN (0x4)
                0x08003724                        _sidata = LOADADDR (.data)

.rel.dyn        0x08003724        0x0
 .rel.iplt      0x08003724        0x0 /usr/lib/gcc/arm-none-eabi/14.2.1/thumb/v7-m/nofp/crtbegin.o

.data           0x20000000       0x10 load address 0x08003724
                0x20000000                        . = ALIGN (0x4)
                0x20000000                        _sdata = .
 *(.data)
 *(.data*)
 .data.SystemCoreClock
                0x20000000        0x4 cmake/stm32cubemx/CMakeFiles/STM32_Drivers.dir/__/__/Core/Src/system_stm32f1xx.c.obj
                0x20000000                SystemCoreClock
 .data.uwTickPrio
                0x20000004        0x4 cmake/stm32cubemx/CMakeFiles/STM32_Drivers.dir/__/__/Drivers/STM32F1xx_HAL_Driver/Src/stm32f1xx_hal.c.obj
                0x20000004                uwTickPrio
 .data.uwTickFreq
                0x20000008        0x1 cmake/stm32cubemx/CMakeFiles/STM32_Drivers.dir/__/__/Drivers/STM32F1xx_HAL_Driver/Src/stm32f1xx_hal.c.obj
                0x20000008                uwTickFreq
 *fill*         0x20000009        0x3 
 .data.can_handle
                0x2000000c        0x4 CMakeFiles/HAL062_drive.dir/Core/Src/can.c.obj
 *(.RamFunc)
 *(.RamFunc*)
                0x20000010                        . = ALIGN (0x4)

.tm_clone_table
                0x20000010        0x0 load address 0x08003734
 .tm_clone_table
                0x20000010        0x0 /usr/lib/gcc/arm-none-eabi/14.2.1/thumb/v7-m/nofp/crtbegin.o
 .tm_clone_table
                0x20000010        0x0 /usr/lib/gcc/arm-none-eabi/14.2.1/thumb/v7-m/nofp/crtend.o

.igot.plt       0x20000010        0x0 load address 0x08003734
 .igot.plt      0x20000010        0x0 /usr/lib/gcc/arm-none-eabi/14.2.1/thumb/v7-m/nofp/crtbegin.o

.tdata          0x20000010        0x0 load address 0x08003734
 *(.tdata .tdata.* .gnu.linkonce.td.*)
                0x20000010                        . = ALIGN (0x4)
                0x20000010                        _edata = .
                [!provide]                        PROVIDE (__data_end = .)
                [!provide]                        PROVIDE (__tdata_end = .)
                [!provide]                        PROVIDE (__tdata_start = ADDR (.tdata))
                [!provide]                        PROVIDE (__tdata_size = (__tdata_end - __tdata_start))
                [!provide]                        PROVIDE (__data_start = ADDR (.data))
                [!provide]                        PROVIDE (__data_size = (__data_end - __data_start))
                [!provide]                        PROVIDE (__tdata_source = LOADADDR (.tdata))
                [!provide]                        PROVIDE (__tdata_source_end = (LOADADDR (.tdata) + SIZEOF (.tdata)))
                [!provide]                        PROVIDE (__tdata_source_size = (__tdata_source_end - __tdata_source))
                [!provide]                        PROVIDE (__data_source = LOADADDR (.data))
                [!provide]                        PROVIDE (__data_source_end = __tdata_source_end)
                [!provide]                        PROVIDE (__data_source_size = (__data_source_end - __data_source))

.tbss           0x20000010        0x0 load address 0x08003734
                0x20000010                        _sbss = .
                0x20000010                        __bss_start__ = _sbss
 *(.tbss .tbss.*)
                0x20000010                        . = ALIGN (0x4)
                [!provide]                        PROVIDE (__tbss_end = .)
                [!provide]                        PROVIDE (__tbss_start = ADDR (.tbss))
                [!provide]                        PROVIDE (__tbss_size = (__tbss_end - __tbss_start))
                [!provide]                        PROVIDE (__tbss_offset = (ADDR (.tbss) - ADDR (.tdata)))
                [!provide]                        PROVIDE (__tls_base = __tdata_start)
                [!provide]                        PROVIDE (__tls_end = __tbss_end)
                [!provide]                        PROVIDE (__tls_size = (__tls_end - __tls_base))
                [!provide]                        PROVIDE (__tls_align = MAX (ALIGNOF (.tdata), ALIGNOF (.tbss)))
                [!provide]                        PROVIDE (__tls_size_align = (((__tls_size + __tls_align) - 0x1) & ~ ((__tls_align - 0x1))))
                [!provide]                        PROVIDE (__arm32_tls_tcb_offset = MAX (0x8, __tls_align))
                [!provide]                        PROVIDE (__arm64_tls_tcb_offset = MAX (0x10, __tls_align))

.bss            0x20000010      0x160 load address 0x08003734
 *(.bss)
 .bss           0x20000010       0x1c /usr/lib/gcc/arm-none-eabi/14.2.1/thumb/v7-m/nofp/crtbegin.o
 *(.bss*)
 .bss.uwTick    0x2000002c        0x4 cmake/stm32cubemx/CMakeFiles/STM32_Drivers.dir/__/__/Drivers/STM32F1xx_HAL_Driver/Src/stm32f1xx_hal.c.obj
                0x2000002c                uwTick
 .bss.can_txHeader
                0x20000030       0x18 CMakeFiles/HAL062_drive.dir/Core/Src/can.c.obj
 .bss.can_rxHeader
                0x20000048       0x1c CMakeFiles/HAL062_drive.dir/Core/Src/can.c.obj
 .bss.RX_payload
                0x20000064        0x8 CMakeFiles/HAL062_drive.dir/Core/Src/can.c.obj
 .bss.target_speed
                0x2000006c        0x1 CMakeFiles/HAL062_drive.dir/Core/Src/can.c.obj
                0x2000006c                target_speed
 *fill*         0x2000006d        0x3 
 .bss.hcan      0x20000070       0x28 CMakeFiles/HAL062_drive.dir/Core/Src/can.c.obj
                0x20000070                hcan
 .bss.htim1     0x20000098       0x48 CMakeFiles/HAL062_drive.dir/Core/Src/tim.c.obj
                0x20000098                htim1
 .bss.htim4     0x200000e0       0x48 CMakeFiles/HAL062_drive.dir/Core/Src/tim.c.obj
                0x200000e0                htim4
 .bss.huart2    0x20000128       0x48 CMakeFiles/HAL062_drive.dir/Core/Src/usart.c.obj
                0x20000128                huart2
 *(COMMON)
                0x20000170                        . = ALIGN (0x4)
                0x20000170                        _ebss = .
                0x20000170                        __bss_end__ = _ebss
                [!provide]                        PROVIDE (__bss_end = .)
                [!provide]                        PROVIDE (__non_tls_bss_start = ADDR (.bss))
                [!provide]                        PROVIDE (__bss_start = __tbss_start)
                [!provide]                        PROVIDE (__bss_size = (__bss_end - __bss_start))

._user_heap_stack
                0x20000170      0x600 load address 0x08003734
                0x20000170                        . = ALIGN (0x8)
                [!provide]                        PROVIDE (end = .)
                0x20000170                        PROVIDE (_end = .)
                0x20000370                        . = (. + _Min_Heap_Size)
 *fill*         0x20000170      0x200 
                0x20000770                        . = (. + _Min_Stack_Size)
 *fill*         0x20000370      0x400 
                0x20000770                        . = ALIGN (0x8)

/DISCARD/
 libc.a:*(*)
 libm.a:*(*)
 libgcc.a:*(*)
OUTPUT(HAL062_drive.elf elf32-littlearm)
LOAD linker stubs

.ARM.attributes
                0x00000000       0x29
 .ARM.attributes
                0x00000000       0x1d /usr/lib/gcc/arm-none-eabi/14.2.1/thumb/v7-m/nofp/crti.o
 .ARM.attributes
                0x0000001d       0x2d /usr/lib/gcc/arm-none-eabi/14.2.1/thumb/v7-m/nofp/crtbegin.o
 .ARM.attributes
                0x0000004a       0x2d cmake/stm32cubemx/CMakeFiles/STM32_Drivers.dir/__/__/Core/Src/system_stm32f1xx.c.obj
 .ARM.attributes
                0x00000077       0x2d cmake/stm32cubemx/CMakeFiles/STM32_Drivers.dir/__/__/Drivers/STM32F1xx_HAL_Driver/Src/stm32f1xx_hal_can.c.obj
 .ARM.attributes
                0x000000a4       0x2d cmake/stm32cubemx/CMakeFiles/STM32_Drivers.dir/__/__/Drivers/STM32F1xx_HAL_Driver/Src/stm32f1xx_hal.c.obj
 .ARM.attributes
                0x000000d1       0x2d cmake/stm32cubemx/CMakeFiles/STM32_Drivers.dir/__/__/Drivers/STM32F1xx_HAL_Driver/Src/stm32f1xx_hal_rcc.c.obj
 .ARM.attributes
                0x000000fe       0x2d cmake/stm32cubemx/CMakeFiles/STM32_Drivers.dir/__/__/Drivers/STM32F1xx_HAL_Driver/Src/stm32f1xx_hal_gpio.c.obj
 .ARM.attributes
                0x0000012b       0x2d cmake/stm32cubemx/CMakeFiles/STM32_Drivers.dir/__/__/Drivers/STM32F1xx_HAL_Driver/Src/stm32f1xx_hal_dma.c.obj
 .ARM.attributes
                0x00000158       0x2d cmake/stm32cubemx/CMakeFiles/STM32_Drivers.dir/__/__/Drivers/STM32F1xx_HAL_Driver/Src/stm32f1xx_hal_cortex.c.obj
 .ARM.attributes
                0x00000185       0x2d cmake/stm32cubemx/CMakeFiles/STM32_Drivers.dir/__/__/Drivers/STM32F1xx_HAL_Driver/Src/stm32f1xx_hal_tim.c.obj
 .ARM.attributes
                0x000001b2       0x2d cmake/stm32cubemx/CMakeFiles/STM32_Drivers.dir/__/__/Drivers/STM32F1xx_HAL_Driver/Src/stm32f1xx_hal_tim_ex.c.obj
 .ARM.attributes
                0x000001df       0x2d cmake/stm32cubemx/CMakeFiles/STM32_Drivers.dir/__/__/Drivers/STM32F1xx_HAL_Driver/Src/stm32f1xx_hal_uart.c.obj
 .ARM.attributes
                0x0000020c       0x2d CMakeFiles/HAL062_drive.dir/Core/Src/main.c.obj
 .ARM.attributes
                0x00000239       0x2d CMakeFiles/HAL062_drive.dir/Core/Src/gpio.c.obj
 .ARM.attributes
                0x00000266       0x2d CMakeFiles/HAL062_drive.dir/Core/Src/can.c.obj
 .ARM.attributes
                0x00000293       0x2d CMakeFiles/HAL062_drive.dir/Core/Src/tim.c.obj
 .ARM.attributes
                0x000002c0       0x2d CMakeFiles/HAL062_drive.dir/Core/Src/usart.c.obj
 .ARM.attributes
                0x000002ed       0x2d CMakeFiles/HAL062_drive.dir/Core/Src/stm32f1xx_it.c.obj
 .ARM.attributes
                0x0000031a       0x2d CMakeFiles/HAL062_drive.dir/Core/Src/stm32f1xx_hal_msp.c.obj
 .ARM.attributes
                0x00000347       0x21 CMakeFiles/HAL062_drive.dir/startup_stm32f103xb.s.obj
 .ARM.attributes
                0x00000368       0x2d /usr/lib/gcc/arm-none-eabi/14.2.1/../../../arm-none-eabi/lib/thumb/v7-m/nofp/libg_nano.a(libc_a-init.o)
 .ARM.attributes
                0x00000395       0x2d /usr/lib/gcc/arm-none-eabi/14.2.1/../../../arm-none-eabi/lib/thumb/v7-m/nofp/libg_nano.a(libc_a-memset.o)
 .ARM.attributes
                0x000003c2       0x2d /usr/lib/gcc/arm-none-eabi/14.2.1/thumb/v7-m/nofp/crtend.o
 .ARM.attributes
                0x000003ef       0x1d /usr/lib/gcc/arm-none-eabi/14.2.1/thumb/v7-m/nofp/crtn.o

.comment        0x00000000       0x4c
 .comment       0x00000000       0x4c /usr/lib/gcc/arm-none-eabi/14.2.1/thumb/v7-m/nofp/crtbegin.o
                                 0x27 (size before relaxing)
 .comment       0x0000004c       0x27 cmake/stm32cubemx/CMakeFiles/STM32_Drivers.dir/__/__/Core/Src/system_stm32f1xx.c.obj
 .comment       0x0000004c       0x27 cmake/stm32cubemx/CMakeFiles/STM32_Drivers.dir/__/__/Drivers/STM32F1xx_HAL_Driver/Src/stm32f1xx_hal_can.c.obj
 .comment       0x0000004c       0x27 cmake/stm32cubemx/CMakeFiles/STM32_Drivers.dir/__/__/Drivers/STM32F1xx_HAL_Driver/Src/stm32f1xx_hal.c.obj
 .comment       0x0000004c       0x27 cmake/stm32cubemx/CMakeFiles/STM32_Drivers.dir/__/__/Drivers/STM32F1xx_HAL_Driver/Src/stm32f1xx_hal_rcc.c.obj
 .comment       0x0000004c       0x27 cmake/stm32cubemx/CMakeFiles/STM32_Drivers.dir/__/__/Drivers/STM32F1xx_HAL_Driver/Src/stm32f1xx_hal_gpio.c.obj
 .comment       0x0000004c       0x27 cmake/stm32cubemx/CMakeFiles/STM32_Drivers.dir/__/__/Drivers/STM32F1xx_HAL_Driver/Src/stm32f1xx_hal_dma.c.obj
 .comment       0x0000004c       0x27 cmake/stm32cubemx/CMakeFiles/STM32_Drivers.dir/__/__/Drivers/STM32F1xx_HAL_Driver/Src/stm32f1xx_hal_cortex.c.obj
 .comment       0x0000004c       0x27 cmake/stm32cubemx/CMakeFiles/STM32_Drivers.dir/__/__/Drivers/STM32F1xx_HAL_Driver/Src/stm32f1xx_hal_tim.c.obj
 .comment       0x0000004c       0x27 cmake/stm32cubemx/CMakeFiles/STM32_Drivers.dir/__/__/Drivers/STM32F1xx_HAL_Driver/Src/stm32f1xx_hal_tim_ex.c.obj
 .comment       0x0000004c       0x27 cmake/stm32cubemx/CMakeFiles/STM32_Drivers.dir/__/__/Drivers/STM32F1xx_HAL_Driver/Src/stm32f1xx_hal_uart.c.obj
 .comment       0x0000004c       0x27 CMakeFiles/HAL062_drive.dir/Core/Src/main.c.obj
 .comment       0x0000004c       0x27 CMakeFiles/HAL062_drive.dir/Core/Src/gpio.c.obj
 .comment       0x0000004c       0x27 CMakeFiles/HAL062_drive.dir/Core/Src/can.c.obj
 .comment       0x0000004c       0x27 CMakeFiles/HAL062_drive.dir/Core/Src/tim.c.obj
 .comment       0x0000004c       0x27 CMakeFiles/HAL062_drive.dir/Core/Src/usart.c.obj
 .comment       0x0000004c       0x27 CMakeFiles/HAL062_drive.dir/Core/Src/stm32f1xx_it.c.obj
 .comment       0x0000004c       0x27 CMakeFiles/HAL062_drive.dir/Core/Src/stm32f1xx_hal_msp.c.obj
 .comment       0x0000004c       0x27 /usr/lib/gcc/arm-none-eabi/14.2.1/../../../arm-none-eabi/lib/thumb/v7-m/nofp/libg_nano.a(libc_a-init.o)
 .comment       0x0000004c       0x27 /usr/lib/gcc/arm-none-eabi/14.2.1/../../../arm-none-eabi/lib/thumb/v7-m/nofp/libg_nano.a(libc_a-memset.o)
 .comment       0x0000004c       0x27 /usr/lib/gcc/arm-none-eabi/14.2.1/thumb/v7-m/nofp/crtend.o

.debug_info     0x00000000     0xd8e6
 .debug_info    0x00000000      0x208 cmake/stm32cubemx/CMakeFiles/STM32_Drivers.dir/__/__/Core/Src/system_stm32f1xx.c.obj
 .debug_info    0x00000208      0xefb cmake/stm32cubemx/CMakeFiles/STM32_Drivers.dir/__/__/Drivers/STM32F1xx_HAL_Driver/Src/stm32f1xx_hal_can.c.obj
 .debug_info    0x00001103      0x6f8 cmake/stm32cubemx/CMakeFiles/STM32_Drivers.dir/__/__/Drivers/STM32F1xx_HAL_Driver/Src/stm32f1xx_hal.c.obj
 .debug_info    0x000017fb      0x7b1 cmake/stm32cubemx/CMakeFiles/STM32_Drivers.dir/__/__/Drivers/STM32F1xx_HAL_Driver/Src/stm32f1xx_hal_rcc.c.obj
 .debug_info    0x00001fac      0x593 cmake/stm32cubemx/CMakeFiles/STM32_Drivers.dir/__/__/Drivers/STM32F1xx_HAL_Driver/Src/stm32f1xx_hal_gpio.c.obj
 .debug_info    0x0000253f      0x6c6 cmake/stm32cubemx/CMakeFiles/STM32_Drivers.dir/__/__/Drivers/STM32F1xx_HAL_Driver/Src/stm32f1xx_hal_dma.c.obj
 .debug_info    0x00002c05      0xa63 cmake/stm32cubemx/CMakeFiles/STM32_Drivers.dir/__/__/Drivers/STM32F1xx_HAL_Driver/Src/stm32f1xx_hal_cortex.c.obj
 .debug_info    0x00003668     0x2941 cmake/stm32cubemx/CMakeFiles/STM32_Drivers.dir/__/__/Drivers/STM32F1xx_HAL_Driver/Src/stm32f1xx_hal_tim.c.obj
 .debug_info    0x00005fa9     0x1483 cmake/stm32cubemx/CMakeFiles/STM32_Drivers.dir/__/__/Drivers/STM32F1xx_HAL_Driver/Src/stm32f1xx_hal_tim_ex.c.obj
 .debug_info    0x0000742c     0x2ec9 cmake/stm32cubemx/CMakeFiles/STM32_Drivers.dir/__/__/Drivers/STM32F1xx_HAL_Driver/Src/stm32f1xx_hal_uart.c.obj
 .debug_info    0x0000a2f5      0x2a0 CMakeFiles/HAL062_drive.dir/Core/Src/main.c.obj
 .debug_info    0x0000a595      0x2bb CMakeFiles/HAL062_drive.dir/Core/Src/gpio.c.obj
 .debug_info    0x0000a850      0xc02 CMakeFiles/HAL062_drive.dir/Core/Src/can.c.obj
 .debug_info    0x0000b452      0xa0e CMakeFiles/HAL062_drive.dir/Core/Src/tim.c.obj
 .debug_info    0x0000be60      0x906 CMakeFiles/HAL062_drive.dir/Core/Src/usart.c.obj
 .debug_info    0x0000c766      0xd2b CMakeFiles/HAL062_drive.dir/Core/Src/stm32f1xx_it.c.obj
 .debug_info    0x0000d491      0x1e5 CMakeFiles/HAL062_drive.dir/Core/Src/stm32f1xx_hal_msp.c.obj
 .debug_info    0x0000d676       0x30 CMakeFiles/HAL062_drive.dir/startup_stm32f103xb.s.obj
 .debug_info    0x0000d6a6      0x10b /usr/lib/gcc/arm-none-eabi/14.2.1/../../../arm-none-eabi/lib/thumb/v7-m/nofp/libg_nano.a(libc_a-init.o)
 .debug_info    0x0000d7b1      0x135 /usr/lib/gcc/arm-none-eabi/14.2.1/../../../arm-none-eabi/lib/thumb/v7-m/nofp/libg_nano.a(libc_a-memset.o)

.debug_abbrev   0x00000000     0x24c5
 .debug_abbrev  0x00000000      0x140 cmake/stm32cubemx/CMakeFiles/STM32_Drivers.dir/__/__/Core/Src/system_stm32f1xx.c.obj
 .debug_abbrev  0x00000140      0x21c cmake/stm32cubemx/CMakeFiles/STM32_Drivers.dir/__/__/Drivers/STM32F1xx_HAL_Driver/Src/stm32f1xx_hal_can.c.obj
 .debug_abbrev  0x0000035c      0x201 cmake/stm32cubemx/CMakeFiles/STM32_Drivers.dir/__/__/Drivers/STM32F1xx_HAL_Driver/Src/stm32f1xx_hal.c.obj
 .debug_abbrev  0x0000055d      0x2b3 cmake/stm32cubemx/CMakeFiles/STM32_Drivers.dir/__/__/Drivers/STM32F1xx_HAL_Driver/Src/stm32f1xx_hal_rcc.c.obj
 .debug_abbrev  0x00000810      0x1ca cmake/stm32cubemx/CMakeFiles/STM32_Drivers.dir/__/__/Drivers/STM32F1xx_HAL_Driver/Src/stm32f1xx_hal_gpio.c.obj
 .debug_abbrev  0x000009da      0x20b cmake/stm32cubemx/CMakeFiles/STM32_Drivers.dir/__/__/Drivers/STM32F1xx_HAL_Driver/Src/stm32f1xx_hal_dma.c.obj
 .debug_abbrev  0x00000be5      0x2f8 cmake/stm32cubemx/CMakeFiles/STM32_Drivers.dir/__/__/Drivers/STM32F1xx_HAL_Driver/Src/stm32f1xx_hal_cortex.c.obj
 .debug_abbrev  0x00000edd      0x277 cmake/stm32cubemx/CMakeFiles/STM32_Drivers.dir/__/__/Drivers/STM32F1xx_HAL_Driver/Src/stm32f1xx_hal_tim.c.obj
 .debug_abbrev  0x00001154      0x282 cmake/stm32cubemx/CMakeFiles/STM32_Drivers.dir/__/__/Drivers/STM32F1xx_HAL_Driver/Src/stm32f1xx_hal_tim_ex.c.obj
 .debug_abbrev  0x000013d6      0x2f8 cmake/stm32cubemx/CMakeFiles/STM32_Drivers.dir/__/__/Drivers/STM32F1xx_HAL_Driver/Src/stm32f1xx_hal_uart.c.obj
 .debug_abbrev  0x000016ce      0x172 CMakeFiles/HAL062_drive.dir/Core/Src/main.c.obj
 .debug_abbrev  0x00001840      0x13f CMakeFiles/HAL062_drive.dir/Core/Src/gpio.c.obj
 .debug_abbrev  0x0000197f      0x298 CMakeFiles/HAL062_drive.dir/Core/Src/can.c.obj
 .debug_abbrev  0x00001c17      0x21d CMakeFiles/HAL062_drive.dir/Core/Src/tim.c.obj
 .debug_abbrev  0x00001e34      0x205 CMakeFiles/HAL062_drive.dir/Core/Src/usart.c.obj
 .debug_abbrev  0x00002039      0x20d CMakeFiles/HAL062_drive.dir/Core/Src/stm32f1xx_it.c.obj
 .debug_abbrev  0x00002246       0xdb CMakeFiles/HAL062_drive.dir/Core/Src/stm32f1xx_hal_msp.c.obj
 .debug_abbrev  0x00002321       0x24 CMakeFiles/HAL062_drive.dir/startup_stm32f103xb.s.obj
 .debug_abbrev  0x00002345       0xc9 /usr/lib/gcc/arm-none-eabi/14.2.1/../../../arm-none-eabi/lib/thumb/v7-m/nofp/libg_nano.a(libc_a-init.o)
 .debug_abbrev  0x0000240e       0xb7 /usr/lib/gcc/arm-none-eabi/14.2.1/../../../arm-none-eabi/lib/thumb/v7-m/nofp/libg_nano.a(libc_a-memset.o)

.debug_aranges  0x00000000      0xe00
 .debug_aranges
                0x00000000       0x28 cmake/stm32cubemx/CMakeFiles/STM32_Drivers.dir/__/__/Core/Src/system_stm32f1xx.c.obj
 .debug_aranges
                0x00000028      0x138 cmake/stm32cubemx/CMakeFiles/STM32_Drivers.dir/__/__/Drivers/STM32F1xx_HAL_Driver/Src/stm32f1xx_hal_can.c.obj
 .debug_aranges
                0x00000160       0xe0 cmake/stm32cubemx/CMakeFiles/STM32_Drivers.dir/__/__/Drivers/STM32F1xx_HAL_Driver/Src/stm32f1xx_hal.c.obj
 .debug_aranges
                0x00000240       0x90 cmake/stm32cubemx/CMakeFiles/STM32_Drivers.dir/__/__/Drivers/STM32F1xx_HAL_Driver/Src/stm32f1xx_hal_rcc.c.obj
 .debug_aranges
                0x000002d0       0x58 cmake/stm32cubemx/CMakeFiles/STM32_Drivers.dir/__/__/Drivers/STM32F1xx_HAL_Driver/Src/stm32f1xx_hal_gpio.c.obj
 .debug_aranges
                0x00000328       0x80 cmake/stm32cubemx/CMakeFiles/STM32_Drivers.dir/__/__/Drivers/STM32F1xx_HAL_Driver/Src/stm32f1xx_hal_dma.c.obj
 .debug_aranges
                0x000003a8      0x100 cmake/stm32cubemx/CMakeFiles/STM32_Drivers.dir/__/__/Drivers/STM32F1xx_HAL_Driver/Src/stm32f1xx_hal_cortex.c.obj
 .debug_aranges
                0x000004a8      0x3d0 cmake/stm32cubemx/CMakeFiles/STM32_Drivers.dir/__/__/Drivers/STM32F1xx_HAL_Driver/Src/stm32f1xx_hal_tim.c.obj
 .debug_aranges
                0x00000878      0x168 cmake/stm32cubemx/CMakeFiles/STM32_Drivers.dir/__/__/Drivers/STM32F1xx_HAL_Driver/Src/stm32f1xx_hal_tim_ex.c.obj
 .debug_aranges
                0x000009e0      0x208 cmake/stm32cubemx/CMakeFiles/STM32_Drivers.dir/__/__/Drivers/STM32F1xx_HAL_Driver/Src/stm32f1xx_hal_uart.c.obj
 .debug_aranges
                0x00000be8       0x30 CMakeFiles/HAL062_drive.dir/Core/Src/main.c.obj
 .debug_aranges
                0x00000c18       0x20 CMakeFiles/HAL062_drive.dir/Core/Src/gpio.c.obj
 .debug_aranges
                0x00000c38       0x48 CMakeFiles/HAL062_drive.dir/Core/Src/can.c.obj
 .debug_aranges
                0x00000c80       0x38 CMakeFiles/HAL062_drive.dir/Core/Src/tim.c.obj
 .debug_aranges
                0x00000cb8       0x30 CMakeFiles/HAL062_drive.dir/Core/Src/usart.c.obj
 .debug_aranges
                0x00000ce8       0x90 CMakeFiles/HAL062_drive.dir/Core/Src/stm32f1xx_it.c.obj
 .debug_aranges
                0x00000d78       0x20 CMakeFiles/HAL062_drive.dir/Core/Src/stm32f1xx_hal_msp.c.obj
 .debug_aranges
                0x00000d98       0x28 CMakeFiles/HAL062_drive.dir/startup_stm32f103xb.s.obj
 .debug_aranges
                0x00000dc0       0x20 /usr/lib/gcc/arm-none-eabi/14.2.1/../../../arm-none-eabi/lib/thumb/v7-m/nofp/libg_nano.a(libc_a-init.o)
 .debug_aranges
                0x00000de0       0x20 /usr/lib/gcc/arm-none-eabi/14.2.1/../../../arm-none-eabi/lib/thumb/v7-m/nofp/libg_nano.a(libc_a-memset.o)

.debug_rnglists
                0x00000000      0xab0
 .debug_rnglists
                0x00000000       0x1a cmake/stm32cubemx/CMakeFiles/STM32_Drivers.dir/__/__/Core/Src/system_stm32f1xx.c.obj
 .debug_rnglists
                0x0000001a       0xed cmake/stm32cubemx/CMakeFiles/STM32_Drivers.dir/__/__/Drivers/STM32F1xx_HAL_Driver/Src/stm32f1xx_hal_can.c.obj
 .debug_rnglists
                0x00000107       0xa3 cmake/stm32cubemx/CMakeFiles/STM32_Drivers.dir/__/__/Drivers/STM32F1xx_HAL_Driver/Src/stm32f1xx_hal.c.obj
 .debug_rnglists
                0x000001aa       0x6c cmake/stm32cubemx/CMakeFiles/STM32_Drivers.dir/__/__/Drivers/STM32F1xx_HAL_Driver/Src/stm32f1xx_hal_rcc.c.obj
 .debug_rnglists
                0x00000216       0x3f cmake/stm32cubemx/CMakeFiles/STM32_Drivers.dir/__/__/Drivers/STM32F1xx_HAL_Driver/Src/stm32f1xx_hal_gpio.c.obj
 .debug_rnglists
                0x00000255       0x64 cmake/stm32cubemx/CMakeFiles/STM32_Drivers.dir/__/__/Drivers/STM32F1xx_HAL_Driver/Src/stm32f1xx_hal_dma.c.obj
 .debug_rnglists
                0x000002b9       0xbb cmake/stm32cubemx/CMakeFiles/STM32_Drivers.dir/__/__/Drivers/STM32F1xx_HAL_Driver/Src/stm32f1xx_hal_cortex.c.obj
 .debug_rnglists
                0x00000374      0x31a cmake/stm32cubemx/CMakeFiles/STM32_Drivers.dir/__/__/Drivers/STM32F1xx_HAL_Driver/Src/stm32f1xx_hal_tim.c.obj
 .debug_rnglists
                0x0000068e      0x125 cmake/stm32cubemx/CMakeFiles/STM32_Drivers.dir/__/__/Drivers/STM32F1xx_HAL_Driver/Src/stm32f1xx_hal_tim_ex.c.obj
 .debug_rnglists
                0x000007b3      0x1bc cmake/stm32cubemx/CMakeFiles/STM32_Drivers.dir/__/__/Drivers/STM32F1xx_HAL_Driver/Src/stm32f1xx_hal_uart.c.obj
 .debug_rnglists
                0x0000096f       0x20 CMakeFiles/HAL062_drive.dir/Core/Src/main.c.obj
 .debug_rnglists
                0x0000098f       0x14 CMakeFiles/HAL062_drive.dir/Core/Src/gpio.c.obj
 .debug_rnglists
                0x000009a3       0x33 CMakeFiles/HAL062_drive.dir/Core/Src/can.c.obj
 .debug_rnglists
                0x000009d6       0x27 CMakeFiles/HAL062_drive.dir/Core/Src/tim.c.obj
 .debug_rnglists
                0x000009fd       0x20 CMakeFiles/HAL062_drive.dir/Core/Src/usart.c.obj
 .debug_rnglists
                0x00000a1d       0x67 CMakeFiles/HAL062_drive.dir/Core/Src/stm32f1xx_it.c.obj
 .debug_rnglists
                0x00000a84       0x13 CMakeFiles/HAL062_drive.dir/Core/Src/stm32f1xx_hal_msp.c.obj
 .debug_rnglists
                0x00000a97       0x19 CMakeFiles/HAL062_drive.dir/startup_stm32f103xb.s.obj

.debug_macro    0x00000000    0x17498
 .debug_macro   0x00000000      0x164 cmake/stm32cubemx/CMakeFiles/STM32_Drivers.dir/__/__/Core/Src/system_stm32f1xx.c.obj
 .debug_macro   0x00000164      0xacc cmake/stm32cubemx/CMakeFiles/STM32_Drivers.dir/__/__/Core/Src/system_stm32f1xx.c.obj
 .debug_macro   0x00000c30       0x2e cmake/stm32cubemx/CMakeFiles/STM32_Drivers.dir/__/__/Core/Src/system_stm32f1xx.c.obj
 .debug_macro   0x00000c5e       0x22 cmake/stm32cubemx/CMakeFiles/STM32_Drivers.dir/__/__/Core/Src/system_stm32f1xx.c.obj
 .debug_macro   0x00000c80      0x34e cmake/stm32cubemx/CMakeFiles/STM32_Drivers.dir/__/__/Core/Src/system_stm32f1xx.c.obj
 .debug_macro   0x00000fce       0x1c cmake/stm32cubemx/CMakeFiles/STM32_Drivers.dir/__/__/Core/Src/system_stm32f1xx.c.obj
 .debug_macro   0x00000fea       0x22 cmake/stm32cubemx/CMakeFiles/STM32_Drivers.dir/__/__/Core/Src/system_stm32f1xx.c.obj
 .debug_macro   0x0000100c       0xbd cmake/stm32cubemx/CMakeFiles/STM32_Drivers.dir/__/__/Core/Src/system_stm32f1xx.c.obj
 .debug_macro   0x000010c9      0xd23 cmake/stm32cubemx/CMakeFiles/STM32_Drivers.dir/__/__/Core/Src/system_stm32f1xx.c.obj
 .debug_macro   0x00001dec     0xe09e cmake/stm32cubemx/CMakeFiles/STM32_Drivers.dir/__/__/Core/Src/system_stm32f1xx.c.obj
 .debug_macro   0x0000fe8a       0x6d cmake/stm32cubemx/CMakeFiles/STM32_Drivers.dir/__/__/Core/Src/system_stm32f1xx.c.obj
 .debug_macro   0x0000fef7      0x221 cmake/stm32cubemx/CMakeFiles/STM32_Drivers.dir/__/__/Core/Src/system_stm32f1xx.c.obj
 .debug_macro   0x00010118     0x34a2 cmake/stm32cubemx/CMakeFiles/STM32_Drivers.dir/__/__/Core/Src/system_stm32f1xx.c.obj
 .debug_macro   0x000135ba      0x190 cmake/stm32cubemx/CMakeFiles/STM32_Drivers.dir/__/__/Core/Src/system_stm32f1xx.c.obj
 .debug_macro   0x0001374a       0x5c cmake/stm32cubemx/CMakeFiles/STM32_Drivers.dir/__/__/Core/Src/system_stm32f1xx.c.obj
 .debug_macro   0x000137a6      0x5bc cmake/stm32cubemx/CMakeFiles/STM32_Drivers.dir/__/__/Core/Src/system_stm32f1xx.c.obj
 .debug_macro   0x00013d62      0x289 cmake/stm32cubemx/CMakeFiles/STM32_Drivers.dir/__/__/Core/Src/system_stm32f1xx.c.obj
 .debug_macro   0x00013feb      0x1cb cmake/stm32cubemx/CMakeFiles/STM32_Drivers.dir/__/__/Core/Src/system_stm32f1xx.c.obj
 .debug_macro   0x000141b6      0x114 cmake/stm32cubemx/CMakeFiles/STM32_Drivers.dir/__/__/Core/Src/system_stm32f1xx.c.obj
 .debug_macro   0x000142ca      0x1b2 cmake/stm32cubemx/CMakeFiles/STM32_Drivers.dir/__/__/Core/Src/system_stm32f1xx.c.obj
 .debug_macro   0x0001447c       0x27 cmake/stm32cubemx/CMakeFiles/STM32_Drivers.dir/__/__/Core/Src/system_stm32f1xx.c.obj
 .debug_macro   0x000144a3      0x136 cmake/stm32cubemx/CMakeFiles/STM32_Drivers.dir/__/__/Core/Src/system_stm32f1xx.c.obj
 .debug_macro   0x000145d9      0x1bc cmake/stm32cubemx/CMakeFiles/STM32_Drivers.dir/__/__/Core/Src/system_stm32f1xx.c.obj
 .debug_macro   0x00014795       0x34 cmake/stm32cubemx/CMakeFiles/STM32_Drivers.dir/__/__/Core/Src/system_stm32f1xx.c.obj
 .debug_macro   0x000147c9       0x3c cmake/stm32cubemx/CMakeFiles/STM32_Drivers.dir/__/__/Core/Src/system_stm32f1xx.c.obj
 .debug_macro   0x00014805      0x408 cmake/stm32cubemx/CMakeFiles/STM32_Drivers.dir/__/__/Core/Src/system_stm32f1xx.c.obj
 .debug_macro   0x00014c0d       0x57 cmake/stm32cubemx/CMakeFiles/STM32_Drivers.dir/__/__/Core/Src/system_stm32f1xx.c.obj
 .debug_macro   0x00014c64       0x87 cmake/stm32cubemx/CMakeFiles/STM32_Drivers.dir/__/__/Core/Src/system_stm32f1xx.c.obj
 .debug_macro   0x00014ceb      0x240 cmake/stm32cubemx/CMakeFiles/STM32_Drivers.dir/__/__/Core/Src/system_stm32f1xx.c.obj
 .debug_macro   0x00014f2b      0x140 cmake/stm32cubemx/CMakeFiles/STM32_Drivers.dir/__/__/Core/Src/system_stm32f1xx.c.obj
 .debug_macro   0x0001506b      0x8ed cmake/stm32cubemx/CMakeFiles/STM32_Drivers.dir/__/__/Core/Src/system_stm32f1xx.c.obj
 .debug_macro   0x00015958      0x28e cmake/stm32cubemx/CMakeFiles/STM32_Drivers.dir/__/__/Core/Src/system_stm32f1xx.c.obj
 .debug_macro   0x00015be6       0x83 cmake/stm32cubemx/CMakeFiles/STM32_Drivers.dir/__/__/Core/Src/system_stm32f1xx.c.obj
 .debug_macro   0x00015c69      0x173 cmake/stm32cubemx/CMakeFiles/STM32_Drivers.dir/__/__/Drivers/STM32F1xx_HAL_Driver/Src/stm32f1xx_hal_can.c.obj
 .debug_macro   0x00015ddc      0x188 cmake/stm32cubemx/CMakeFiles/STM32_Drivers.dir/__/__/Drivers/STM32F1xx_HAL_Driver/Src/stm32f1xx_hal.c.obj
 .debug_macro   0x00015f64      0x176 cmake/stm32cubemx/CMakeFiles/STM32_Drivers.dir/__/__/Drivers/STM32F1xx_HAL_Driver/Src/stm32f1xx_hal_rcc.c.obj
 .debug_macro   0x000160da      0x1cf cmake/stm32cubemx/CMakeFiles/STM32_Drivers.dir/__/__/Drivers/STM32F1xx_HAL_Driver/Src/stm32f1xx_hal_gpio.c.obj
 .debug_macro   0x000162a9      0x164 cmake/stm32cubemx/CMakeFiles/STM32_Drivers.dir/__/__/Drivers/STM32F1xx_HAL_Driver/Src/stm32f1xx_hal_dma.c.obj
 .debug_macro   0x0001640d      0x164 cmake/stm32cubemx/CMakeFiles/STM32_Drivers.dir/__/__/Drivers/STM32F1xx_HAL_Driver/Src/stm32f1xx_hal_cortex.c.obj
 .debug_macro   0x00016571      0x165 cmake/stm32cubemx/CMakeFiles/STM32_Drivers.dir/__/__/Drivers/STM32F1xx_HAL_Driver/Src/stm32f1xx_hal_tim.c.obj
 .debug_macro   0x000166d6      0x164 cmake/stm32cubemx/CMakeFiles/STM32_Drivers.dir/__/__/Drivers/STM32F1xx_HAL_Driver/Src/stm32f1xx_hal_tim_ex.c.obj
 .debug_macro   0x0001683a      0x165 cmake/stm32cubemx/CMakeFiles/STM32_Drivers.dir/__/__/Drivers/STM32F1xx_HAL_Driver/Src/stm32f1xx_hal_uart.c.obj
 .debug_macro   0x0001699f      0x19f CMakeFiles/HAL062_drive.dir/Core/Src/main.c.obj
 .debug_macro   0x00016b3e       0x64 CMakeFiles/HAL062_drive.dir/Core/Src/main.c.obj
 .debug_macro   0x00016ba2      0x17d CMakeFiles/HAL062_drive.dir/Core/Src/gpio.c.obj
 .debug_macro   0x00016d1f      0x18f CMakeFiles/HAL062_drive.dir/Core/Src/can.c.obj
 .debug_macro   0x00016eae      0x17d CMakeFiles/HAL062_drive.dir/Core/Src/tim.c.obj
 .debug_macro   0x0001702b      0x17d CMakeFiles/HAL062_drive.dir/Core/Src/usart.c.obj
 .debug_macro   0x000171a8      0x17d CMakeFiles/HAL062_drive.dir/Core/Src/stm32f1xx_it.c.obj
 .debug_macro   0x00017325      0x173 CMakeFiles/HAL062_drive.dir/Core/Src/stm32f1xx_hal_msp.c.obj

.debug_line     0x00000000     0xd728
 .debug_line    0x00000000      0x523 cmake/stm32cubemx/CMakeFiles/STM32_Drivers.dir/__/__/Core/Src/system_stm32f1xx.c.obj
 .debug_line    0x00000523      0xf4d cmake/stm32cubemx/CMakeFiles/STM32_Drivers.dir/__/__/Drivers/STM32F1xx_HAL_Driver/Src/stm32f1xx_hal_can.c.obj
 .debug_line    0x00001470      0x754 cmake/stm32cubemx/CMakeFiles/STM32_Drivers.dir/__/__/Drivers/STM32F1xx_HAL_Driver/Src/stm32f1xx_hal.c.obj
 .debug_line    0x00001bc4      0xc0d cmake/stm32cubemx/CMakeFiles/STM32_Drivers.dir/__/__/Drivers/STM32F1xx_HAL_Driver/Src/stm32f1xx_hal_rcc.c.obj
 .debug_line    0x000027d1      0x7b1 cmake/stm32cubemx/CMakeFiles/STM32_Drivers.dir/__/__/Drivers/STM32F1xx_HAL_Driver/Src/stm32f1xx_hal_gpio.c.obj
 .debug_line    0x00002f82      0xb5e cmake/stm32cubemx/CMakeFiles/STM32_Drivers.dir/__/__/Drivers/STM32F1xx_HAL_Driver/Src/stm32f1xx_hal_dma.c.obj
 .debug_line    0x00003ae0      0x91e cmake/stm32cubemx/CMakeFiles/STM32_Drivers.dir/__/__/Drivers/STM32F1xx_HAL_Driver/Src/stm32f1xx_hal_cortex.c.obj
 .debug_line    0x000043fe     0x3242 cmake/stm32cubemx/CMakeFiles/STM32_Drivers.dir/__/__/Drivers/STM32F1xx_HAL_Driver/Src/stm32f1xx_hal_tim.c.obj
 .debug_line    0x00007640     0x1618 cmake/stm32cubemx/CMakeFiles/STM32_Drivers.dir/__/__/Drivers/STM32F1xx_HAL_Driver/Src/stm32f1xx_hal_tim_ex.c.obj
 .debug_line    0x00008c58     0x2270 cmake/stm32cubemx/CMakeFiles/STM32_Drivers.dir/__/__/Drivers/STM32F1xx_HAL_Driver/Src/stm32f1xx_hal_uart.c.obj
 .debug_line    0x0000aec8      0x53e CMakeFiles/HAL062_drive.dir/Core/Src/main.c.obj
 .debug_line    0x0000b406      0x4d6 CMakeFiles/HAL062_drive.dir/Core/Src/gpio.c.obj
 .debug_line    0x0000b8dc      0x5c6 CMakeFiles/HAL062_drive.dir/Core/Src/can.c.obj
 .debug_line    0x0000bea2      0x59c CMakeFiles/HAL062_drive.dir/Core/Src/tim.c.obj
 .debug_line    0x0000c43e      0x51b CMakeFiles/HAL062_drive.dir/Core/Src/usart.c.obj
 .debug_line    0x0000c959      0x5e3 CMakeFiles/HAL062_drive.dir/Core/Src/stm32f1xx_it.c.obj
 .debug_line    0x0000cf3c      0x4a5 CMakeFiles/HAL062_drive.dir/Core/Src/stm32f1xx_hal_msp.c.obj
 .debug_line    0x0000d3e1       0x78 CMakeFiles/HAL062_drive.dir/startup_stm32f103xb.s.obj
 .debug_line    0x0000d459      0x11e /usr/lib/gcc/arm-none-eabi/14.2.1/../../../arm-none-eabi/lib/thumb/v7-m/nofp/libg_nano.a(libc_a-init.o)
 .debug_line    0x0000d577      0x1b1 /usr/lib/gcc/arm-none-eabi/14.2.1/../../../arm-none-eabi/lib/thumb/v7-m/nofp/libg_nano.a(libc_a-memset.o)

.debug_str      0x00000000    0x8936b
 .debug_str     0x00000000    0x8936b cmake/stm32cubemx/CMakeFiles/STM32_Drivers.dir/__/__/Core/Src/system_stm32f1xx.c.obj
                              0x85484 (size before relaxing)
 .debug_str     0x0008936b    0x85c8c cmake/stm32cubemx/CMakeFiles/STM32_Drivers.dir/__/__/Drivers/STM32F1xx_HAL_Driver/Src/stm32f1xx_hal_can.c.obj
 .debug_str     0x0008936b    0x85bc1 cmake/stm32cubemx/CMakeFiles/STM32_Drivers.dir/__/__/Drivers/STM32F1xx_HAL_Driver/Src/stm32f1xx_hal.c.obj
 .debug_str     0x0008936b    0x858a8 cmake/stm32cubemx/CMakeFiles/STM32_Drivers.dir/__/__/Drivers/STM32F1xx_HAL_Driver/Src/stm32f1xx_hal_rcc.c.obj
 .debug_str     0x0008936b    0x85809 cmake/stm32cubemx/CMakeFiles/STM32_Drivers.dir/__/__/Drivers/STM32F1xx_HAL_Driver/Src/stm32f1xx_hal_gpio.c.obj
 .debug_str     0x0008936b    0x85837 cmake/stm32cubemx/CMakeFiles/STM32_Drivers.dir/__/__/Drivers/STM32F1xx_HAL_Driver/Src/stm32f1xx_hal_dma.c.obj
 .debug_str     0x0008936b    0x85af9 cmake/stm32cubemx/CMakeFiles/STM32_Drivers.dir/__/__/Drivers/STM32F1xx_HAL_Driver/Src/stm32f1xx_hal_cortex.c.obj
 .debug_str     0x0008936b    0x868b4 cmake/stm32cubemx/CMakeFiles/STM32_Drivers.dir/__/__/Drivers/STM32F1xx_HAL_Driver/Src/stm32f1xx_hal_tim.c.obj
 .debug_str     0x0008936b    0x860c0 cmake/stm32cubemx/CMakeFiles/STM32_Drivers.dir/__/__/Drivers/STM32F1xx_HAL_Driver/Src/stm32f1xx_hal_tim_ex.c.obj
 .debug_str     0x0008936b    0x85f19 cmake/stm32cubemx/CMakeFiles/STM32_Drivers.dir/__/__/Drivers/STM32F1xx_HAL_Driver/Src/stm32f1xx_hal_uart.c.obj
 .debug_str     0x0008936b    0x8575e CMakeFiles/HAL062_drive.dir/Core/Src/main.c.obj
 .debug_str     0x0008936b    0x85631 CMakeFiles/HAL062_drive.dir/Core/Src/gpio.c.obj
 .debug_str     0x0008936b    0x85ea5 CMakeFiles/HAL062_drive.dir/Core/Src/can.c.obj
 .debug_str     0x0008936b    0x85ef8 CMakeFiles/HAL062_drive.dir/Core/Src/tim.c.obj
 .debug_str     0x0008936b    0x85d8a CMakeFiles/HAL062_drive.dir/Core/Src/usart.c.obj
 .debug_str     0x0008936b    0x85fd3 CMakeFiles/HAL062_drive.dir/Core/Src/stm32f1xx_it.c.obj
 .debug_str     0x0008936b    0x855c4 CMakeFiles/HAL062_drive.dir/Core/Src/stm32f1xx_hal_msp.c.obj
 .debug_str     0x0008936b       0x78 CMakeFiles/HAL062_drive.dir/startup_stm32f103xb.s.obj
 .debug_str     0x0008936b      0x1f2 /usr/lib/gcc/arm-none-eabi/14.2.1/../../../arm-none-eabi/lib/thumb/v7-m/nofp/libg_nano.a(libc_a-init.o)
 .debug_str     0x0008936b      0x1a5 /usr/lib/gcc/arm-none-eabi/14.2.1/../../../arm-none-eabi/lib/thumb/v7-m/nofp/libg_nano.a(libc_a-memset.o)

.debug_frame    0x00000000     0x38c0
 .debug_frame   0x00000000       0x58 cmake/stm32cubemx/CMakeFiles/STM32_Drivers.dir/__/__/Core/Src/system_stm32f1xx.c.obj
 .debug_frame   0x00000058      0x5a0 cmake/stm32cubemx/CMakeFiles/STM32_Drivers.dir/__/__/Drivers/STM32F1xx_HAL_Driver/Src/stm32f1xx_hal_can.c.obj
 .debug_frame   0x000005f8      0x334 cmake/stm32cubemx/CMakeFiles/STM32_Drivers.dir/__/__/Drivers/STM32F1xx_HAL_Driver/Src/stm32f1xx_hal.c.obj
 .debug_frame   0x0000092c      0x218 cmake/stm32cubemx/CMakeFiles/STM32_Drivers.dir/__/__/Drivers/STM32F1xx_HAL_Driver/Src/stm32f1xx_hal_rcc.c.obj
 .debug_frame   0x00000b44      0x14c cmake/stm32cubemx/CMakeFiles/STM32_Drivers.dir/__/__/Drivers/STM32F1xx_HAL_Driver/Src/stm32f1xx_hal_gpio.c.obj
 .debug_frame   0x00000c90      0x208 cmake/stm32cubemx/CMakeFiles/STM32_Drivers.dir/__/__/Drivers/STM32F1xx_HAL_Driver/Src/stm32f1xx_hal_dma.c.obj
 .debug_frame   0x00000e98      0x428 cmake/stm32cubemx/CMakeFiles/STM32_Drivers.dir/__/__/Drivers/STM32F1xx_HAL_Driver/Src/stm32f1xx_hal_cortex.c.obj
 .debug_frame   0x000012c0     0x11b8 cmake/stm32cubemx/CMakeFiles/STM32_Drivers.dir/__/__/Drivers/STM32F1xx_HAL_Driver/Src/stm32f1xx_hal_tim.c.obj
 .debug_frame   0x00002478      0x638 cmake/stm32cubemx/CMakeFiles/STM32_Drivers.dir/__/__/Drivers/STM32F1xx_HAL_Driver/Src/stm32f1xx_hal_tim_ex.c.obj
 .debug_frame   0x00002ab0      0x944 cmake/stm32cubemx/CMakeFiles/STM32_Drivers.dir/__/__/Drivers/STM32F1xx_HAL_Driver/Src/stm32f1xx_hal_uart.c.obj
 .debug_frame   0x000033f4       0x68 CMakeFiles/HAL062_drive.dir/Core/Src/main.c.obj
 .debug_frame   0x0000345c       0x34 CMakeFiles/HAL062_drive.dir/Core/Src/gpio.c.obj
 .debug_frame   0x00003490       0xe0 CMakeFiles/HAL062_drive.dir/Core/Src/can.c.obj
 .debug_frame   0x00003570       0xa0 CMakeFiles/HAL062_drive.dir/Core/Src/tim.c.obj
 .debug_frame   0x00003610       0x74 CMakeFiles/HAL062_drive.dir/Core/Src/usart.c.obj
 .debug_frame   0x00003684      0x1ac CMakeFiles/HAL062_drive.dir/Core/Src/stm32f1xx_it.c.obj
 .debug_frame   0x00003830       0x38 CMakeFiles/HAL062_drive.dir/Core/Src/stm32f1xx_hal_msp.c.obj
 .debug_frame   0x00003868       0x2c /usr/lib/gcc/arm-none-eabi/14.2.1/../../../arm-none-eabi/lib/thumb/v7-m/nofp/libg_nano.a(libc_a-init.o)
 .debug_frame   0x00003894       0x2c /usr/lib/gcc/arm-none-eabi/14.2.1/../../../arm-none-eabi/lib/thumb/v7-m/nofp/libg_nano.a(libc_a-memset.o)

.debug_line_str
                0x00000000       0x5e
 .debug_line_str
                0x00000000       0x5e CMakeFiles/HAL062_drive.dir/startup_stm32f103xb.s.obj

.debug_loclists
                0x00000000      0x23c
 .debug_loclists
                0x00000000       0x65 /usr/lib/gcc/arm-none-eabi/14.2.1/../../../arm-none-eabi/lib/thumb/v7-m/nofp/libg_nano.a(libc_a-init.o)
 .debug_loclists
                0x00000065      0x1d7 /usr/lib/gcc/arm-none-eabi/14.2.1/../../../arm-none-eabi/lib/thumb/v7-m/nofp/libg_nano.a(libc_a-memset.o)
